Archive member included because of file (symbol)

C:/ide-4.6-workspace/bsp-TI-omap3530-src/src/hardware/ipl/lib/arm/a.le\libipl.a(image_download_ser.o)
                              main.o (image_download_ser)
C:/ide-4.6-workspace/bsp-TI-omap3530-src/src/hardware/ipl/lib/arm/a.le\libipl.a(image_scan.o)
                              main.o (image_scan)
C:/ide-4.6-workspace/bsp-TI-omap3530-src/src/hardware/ipl/lib/arm/a.le\libipl.a(image_setup.o)
                              main.o (image_setup)
C:/ide-4.6-workspace/bsp-TI-omap3530-src/src/hardware/ipl/lib/arm/a.le\libipl.a(image_start.o)
                              main.o (image_start)
C:/ide-4.6-workspace/bsp-TI-omap3530-src/src/hardware/ipl/lib/arm/a.le\libipl.a(jump.o)
                              C:/ide-4.6-workspace/bsp-TI-omap3530-src/src/hardware/ipl/lib/arm/a.le\libipl.a(image_start.o) (jump)
C:/ide-4.6-workspace/bsp-TI-omap3530-src/src/hardware/ipl/lib/arm/a.le\libipl.a(ser_dev.o)
                              main.o (ser_poll)
C:/ide-4.6-workspace/bsp-TI-omap3530-src/src/hardware/ipl/lib/arm/a.le\libipl.a(seromap.o)
                              omap3530beagle.o (init_seromap)
C:/ide-4.6-workspace/bsp-TI-omap3530-src/src/hardware/ipl/lib/arm/a.le\libipl.a(copy.o)
                              C:/ide-4.6-workspace/bsp-TI-omap3530-src/src/hardware/ipl/lib/arm/a.le\libipl.a(image_scan.o) (copy)

Allocating common symbols
Common symbol       size              file

dev                 0x4               main.o
scratch             0x200             C:/ide-4.6-workspace/bsp-TI-omap3530-src/src/hardware/ipl/lib/arm/a.le\libipl.a(image_scan.o)
startup_hdr         0x100             C:/ide-4.6-workspace/bsp-TI-omap3530-src/src/hardware/ipl/lib/arm/a.le\libipl.a(image_scan.o)
chip_dev            0x14              main.o

Memory Configuration

Name             Origin             Length             Attributes
stack            0x4020a000         0x00002000
ram              0x40208000         0x00001000
rom              0x40200000         0x00006000
*default*        0x00000000         0xffffffff

Linker script and memory map

TARGET(elf32-littlearm)

.text           0x40200000     0x3100
 *(.text)
 .text          0x40200000      0x100 _start.o
                0x40200000                _start
                0x40200040                v7_flush_dcache_all
 .text          0x40200100        0x8 boot_header.o
 .text          0x40200108      0x37c main.o
                0x40200108                main
 .text          0x40200484      0xe68 nand.o
                0x40200884                nand_init
                0x40200838                GetBlockStatus
                0x40200eb8                nand_write_page
                0x40200b14                read_image_from_nand
                0x402004b8                nand_write_cmd
                0x402005f0                nand_read_data
                0x4020061c                nand_read_status
                0x40201004                upgrade_IPL
                0x40201140                upgrade_nand_flash
                0x402004d0                nand_write_pageaddr
                0x40200548                nand_write_blkaddr
                0x40200484                nand_wait_busy
                0x40200de0                nand_erase_blk
                0x402005b4                nand_write_data
                0x402006c4                nand_read_page
                0x40200648                nand_unlock_blocks
 .text          0x402012ec      0x8ac omap3530beagle.o
                0x4020133c                init_sdram
                0x40201454                init_omap3530beagle
                0x402012ec                mem_ok
 .text          0x40201b98       0xf8 C:/ide-4.6-workspace/bsp-TI-omap3530-src/src/hardware/ipl/lib/arm/a.le\libipl.a(image_download_ser.o)
                0x40201b98                download_abort
                0x40201bc0                image_download_ser
 .text          0x40201c90      0x1f8 C:/ide-4.6-workspace/bsp-TI-omap3530-src/src/hardware/ipl/lib/arm/a.le\libipl.a(image_scan.o)
                0x40201dd0                image_scan
                0x40201cc0                small_checksum
                0x40201c90                zero_ok
                0x40201d00                checksum
 .text          0x40201e88       0x70 C:/ide-4.6-workspace/bsp-TI-omap3530-src/src/hardware/ipl/lib/arm/a.le\libipl.a(image_setup.o)
                0x40201e88                image_setup
 .text          0x40201ef8       0x34 C:/ide-4.6-workspace/bsp-TI-omap3530-src/src/hardware/ipl/lib/arm/a.le\libipl.a(image_start.o)
                0x40201ef8                image_start
 .text          0x40201f2c        0x4 C:/ide-4.6-workspace/bsp-TI-omap3530-src/src/hardware/ipl/lib/arm/a.le\libipl.a(jump.o)
                0x40201f2c                jump
 .text          0x40201f30      0x134 C:/ide-4.6-workspace/bsp-TI-omap3530-src/src/hardware/ipl/lib/arm/a.le\libipl.a(ser_dev.o)
                0x40201fd4                ser_putstr
                0x40201f30                init_serdev
                0x40201f64                ser_getchar
                0x40201f40                ser_poll
                0x40202010                ser_puthex
                0x40201f88                ser_putchar
 .text          0x40202064      0x208 C:/ide-4.6-workspace/bsp-TI-omap3530-src/src/hardware/ipl/lib/arm/a.le\libipl.a(seromap.o)
                0x402020f8                init_seromap
 .text          0x4020226c       0x8c C:/ide-4.6-workspace/bsp-TI-omap3530-src/src/hardware/ipl/lib/arm/a.le\libipl.a(copy.o)
                0x4020226c                copy_memory
                0x402022e4                copy
 *(.rodata*)
 .rodata.str1.4
                0x402022f8      0x326 main.o
                                0x32c (size before relaxing)
 *fill*         0x4020261e        0x2 00
 .rodata.str1.4
                0x40202620      0x210 nand.o
                                0x218 (size before relaxing)
 .rodata        0x40202830      0x8b0 omap3530beagle.o
 .rodata        0x402030e0       0x14 C:/ide-4.6-workspace/bsp-TI-omap3530-src/src/hardware/ipl/lib/arm/a.le\libipl.a(ser_dev.o)
 .rodata        0x402030f4        0xc C:/ide-4.6-workspace/bsp-TI-omap3530-src/src/hardware/ipl/lib/arm/a.le\libipl.a(seromap.o)
 *(.glue_7)
 *(.glue_7t)

.note.gnu.build-id
 *(.note.gnu.build-id)
                0x40203100                _etext = .

.data           0x40208000        0x0
 *(.data)
 .data          0x40208000        0x0 _start.o
 .data          0x40208000        0x0 boot_header.o
 .data          0x40208000        0x0 main.o
 .data          0x40208000        0x0 nand.o
 .data          0x40208000        0x0 omap3530beagle.o
 .data          0x40208000        0x0 C:/ide-4.6-workspace/bsp-TI-omap3530-src/src/hardware/ipl/lib/arm/a.le\libipl.a(image_download_ser.o)
 .data          0x40208000        0x0 C:/ide-4.6-workspace/bsp-TI-omap3530-src/src/hardware/ipl/lib/arm/a.le\libipl.a(image_scan.o)
 .data          0x40208000        0x0 C:/ide-4.6-workspace/bsp-TI-omap3530-src/src/hardware/ipl/lib/arm/a.le\libipl.a(image_setup.o)
 .data          0x40208000        0x0 C:/ide-4.6-workspace/bsp-TI-omap3530-src/src/hardware/ipl/lib/arm/a.le\libipl.a(image_start.o)
 .data          0x40208000        0x0 C:/ide-4.6-workspace/bsp-TI-omap3530-src/src/hardware/ipl/lib/arm/a.le\libipl.a(jump.o)
 .data          0x40208000        0x0 C:/ide-4.6-workspace/bsp-TI-omap3530-src/src/hardware/ipl/lib/arm/a.le\libipl.a(ser_dev.o)
 .data          0x40208000        0x0 C:/ide-4.6-workspace/bsp-TI-omap3530-src/src/hardware/ipl/lib/arm/a.le\libipl.a(seromap.o)
 .data          0x40208000        0x0 C:/ide-4.6-workspace/bsp-TI-omap3530-src/src/hardware/ipl/lib/arm/a.le\libipl.a(copy.o)
 *(.sdata)

.bss            0x40208000      0x324
 *(.bss)
 .bss           0x40208000        0x0 _start.o
 .bss           0x40208000        0x0 boot_header.o
 .bss           0x40208000        0x0 main.o
 .bss           0x40208000        0x0 nand.o
 .bss           0x40208000        0x4 omap3530beagle.o
                0x40208000                boot_from_flash
 .bss           0x40208004        0x0 C:/ide-4.6-workspace/bsp-TI-omap3530-src/src/hardware/ipl/lib/arm/a.le\libipl.a(image_download_ser.o)
 .bss           0x40208004        0x0 C:/ide-4.6-workspace/bsp-TI-omap3530-src/src/hardware/ipl/lib/arm/a.le\libipl.a(image_scan.o)
 .bss           0x40208004        0x0 C:/ide-4.6-workspace/bsp-TI-omap3530-src/src/hardware/ipl/lib/arm/a.le\libipl.a(image_setup.o)
 .bss           0x40208004        0x0 C:/ide-4.6-workspace/bsp-TI-omap3530-src/src/hardware/ipl/lib/arm/a.le\libipl.a(image_start.o)
 .bss           0x40208004        0x0 C:/ide-4.6-workspace/bsp-TI-omap3530-src/src/hardware/ipl/lib/arm/a.le\libipl.a(jump.o)
 .bss           0x40208004        0x4 C:/ide-4.6-workspace/bsp-TI-omap3530-src/src/hardware/ipl/lib/arm/a.le\libipl.a(ser_dev.o)
 .bss           0x40208008        0x4 C:/ide-4.6-workspace/bsp-TI-omap3530-src/src/hardware/ipl/lib/arm/a.le\libipl.a(seromap.o)
 .bss           0x4020800c        0x0 C:/ide-4.6-workspace/bsp-TI-omap3530-src/src/hardware/ipl/lib/arm/a.le\libipl.a(copy.o)
 *(.sbss)
 COMMON         0x4020800c       0x18 main.o
                0x4020800c                dev
                0x40208010                chip_dev
 COMMON         0x40208024      0x300 C:/ide-4.6-workspace/bsp-TI-omap3530-src/src/hardware/ipl/lib/arm/a.le\libipl.a(image_scan.o)
                0x40208024                scratch
                0x40208224                startup_hdr
LOAD _start.o
LOAD boot_header.o
LOAD main.o
LOAD nand.o
LOAD omap3530beagle.o
LOAD C:/ide-4.6-workspace/bsp-TI-omap3530-src/src/hardware/ipl/lib/arm/a.le\libipl.a
OUTPUT(C:/ide-4.6-workspace/bsp-TI-omap3530-src/src/hardware/ipl/boards/omap3530beagle/arm/le/ipl-omap3530beagle elf32-littlearm)

.ARM.attributes
                0x00000000       0x10
 .ARM.attributes
                0x00000000       0x10 _start.o
 .ARM.attributes
                0x00000010       0x10 boot_header.o
 .ARM.attributes
                0x00000020       0x10 main.o
 .ARM.attributes
                0x00000030       0x10 nand.o
 .ARM.attributes
                0x00000040       0x10 omap3530beagle.o
 .ARM.attributes
                0x00000050       0x10 C:/ide-4.6-workspace/bsp-TI-omap3530-src/src/hardware/ipl/lib/arm/a.le\libipl.a(image_download_ser.o)
 .ARM.attributes
                0x00000060       0x10 C:/ide-4.6-workspace/bsp-TI-omap3530-src/src/hardware/ipl/lib/arm/a.le\libipl.a(image_scan.o)
 .ARM.attributes
                0x00000070       0x10 C:/ide-4.6-workspace/bsp-TI-omap3530-src/src/hardware/ipl/lib/arm/a.le\libipl.a(image_setup.o)
 .ARM.attributes
                0x00000080       0x10 C:/ide-4.6-workspace/bsp-TI-omap3530-src/src/hardware/ipl/lib/arm/a.le\libipl.a(image_start.o)
 .ARM.attributes
                0x00000090       0x10 C:/ide-4.6-workspace/bsp-TI-omap3530-src/src/hardware/ipl/lib/arm/a.le\libipl.a(jump.o)
 .ARM.attributes
                0x000000a0       0x10 C:/ide-4.6-workspace/bsp-TI-omap3530-src/src/hardware/ipl/lib/arm/a.le\libipl.a(ser_dev.o)
 .ARM.attributes
                0x000000b0       0x10 C:/ide-4.6-workspace/bsp-TI-omap3530-src/src/hardware/ipl/lib/arm/a.le\libipl.a(seromap.o)
 .ARM.attributes
                0x000000c0       0x10 C:/ide-4.6-workspace/bsp-TI-omap3530-src/src/hardware/ipl/lib/arm/a.le\libipl.a(copy.o)

.comment        0x00000000       0xb4
 .comment       0x00000000       0x12 main.o
 .comment       0x00000012       0x12 nand.o
 .comment       0x00000024       0x12 omap3530beagle.o
 .comment       0x00000036       0x12 C:/ide-4.6-workspace/bsp-TI-omap3530-src/src/hardware/ipl/lib/arm/a.le\libipl.a(image_download_ser.o)
 .comment       0x00000048       0x12 C:/ide-4.6-workspace/bsp-TI-omap3530-src/src/hardware/ipl/lib/arm/a.le\libipl.a(image_scan.o)
 .comment       0x0000005a       0x12 C:/ide-4.6-workspace/bsp-TI-omap3530-src/src/hardware/ipl/lib/arm/a.le\libipl.a(image_setup.o)
 .comment       0x0000006c       0x12 C:/ide-4.6-workspace/bsp-TI-omap3530-src/src/hardware/ipl/lib/arm/a.le\libipl.a(image_start.o)
 .comment       0x0000007e       0x12 C:/ide-4.6-workspace/bsp-TI-omap3530-src/src/hardware/ipl/lib/arm/a.le\libipl.a(ser_dev.o)
 .comment       0x00000090       0x12 C:/ide-4.6-workspace/bsp-TI-omap3530-src/src/hardware/ipl/lib/arm/a.le\libipl.a(seromap.o)
 .comment       0x000000a2       0x12 C:/ide-4.6-workspace/bsp-TI-omap3530-src/src/hardware/ipl/lib/arm/a.le\libipl.a(copy.o)
