Archive member included because of file (symbol)

C:/ide-4.6-workspace/bsp-TI-omap3530-src/src/hardware/startup/lib/arm/a.le\libstartup.a(_main.o)
                              cstart.o (_main)
C:/ide-4.6-workspace/bsp-TI-omap3530-src/src/hardware/startup/lib/arm/a.le\libstartup.a(add_interrupt.o)
                              init_intrinfo.o (add_interrupt_array)
C:/ide-4.6-workspace/bsp-TI-omap3530-src/src/hardware/startup/lib/arm/a.le\libstartup.a(alloc_qtime.o)
                              init_qtime_omap3530.o (alloc_qtime)
C:/ide-4.6-workspace/bsp-TI-omap3530-src/src/hardware/startup/lib/arm/a.le\libstartup.a(as_add.o)
                              init_asinfo.o (as_add)
C:/ide-4.6-workspace/bsp-TI-omap3530-src/src/hardware/startup/lib/arm/a.le\libstartup.a(as_add64.o)
                              C:/ide-4.6-workspace/bsp-TI-omap3530-src/src/hardware/startup/lib/arm/a.le\libstartup.a(as_add.o) (as_add64)
C:/ide-4.6-workspace/bsp-TI-omap3530-src/src/hardware/startup/lib/arm/a.le\libstartup.a(board_init.o)
                              C:/ide-4.6-workspace/bsp-TI-omap3530-src/src/hardware/startup/lib/arm/a.le\libstartup.a(_main.o) (board_init)
C:/ide-4.6-workspace/bsp-TI-omap3530-src/src/hardware/startup/lib/arm/a.le\libstartup.a(callout_debug_8250.o)
                              main.o (display_char_8250)
C:/ide-4.6-workspace/bsp-TI-omap3530-src/src/hardware/startup/lib/arm/a.le\libstartup.a(callout_interrupt_omap2420.o)
                              init_intrinfo.o (interrupt_id_omap2420)
C:/ide-4.6-workspace/bsp-TI-omap3530-src/src/hardware/startup/lib/arm/a.le\libstartup.a(callout_interrupt_omap2420_gpio.o)
                              init_intrinfo.o (interrupt_id_omap2420_gpio)
C:/ide-4.6-workspace/bsp-TI-omap3530-src/src/hardware/startup/lib/arm/a.le\libstartup.a(callouts.o)
                              C:/ide-4.6-workspace/bsp-TI-omap3530-src/src/hardware/startup/lib/arm/a.le\libstartup.a(add_interrupt.o) (callout_output_rtn)
C:/ide-4.6-workspace/bsp-TI-omap3530-src/src/hardware/startup/lib/arm/a.le\libstartup.a(common_options.o)
                              main.o (select_debug)
C:/ide-4.6-workspace/bsp-TI-omap3530-src/src/hardware/startup/lib/arm/a.le\libstartup.a(cpu_common_options.o)
                              C:/ide-4.6-workspace/bsp-TI-omap3530-src/src/hardware/startup/lib/arm/a.le\libstartup.a(common_options.o) (cpu_handle_common_option)
C:/ide-4.6-workspace/bsp-TI-omap3530-src/src/hardware/startup/lib/arm/a.le\libstartup.a(cpu_startup.o)
                              C:/ide-4.6-workspace/bsp-TI-omap3530-src/src/hardware/startup/lib/arm/a.le\libstartup.a(_main.o) (cpu_startup)
C:/ide-4.6-workspace/bsp-TI-omap3530-src/src/hardware/startup/lib/arm/a.le\libstartup.a(debug.o)
                              main.o (print_syspage)
C:/ide-4.6-workspace/bsp-TI-omap3530-src/src/hardware/startup/lib/arm/a.le\libstartup.a(getopt.o)
                              main.o (getopt)
C:/ide-4.6-workspace/bsp-TI-omap3530-src/src/hardware/startup/lib/arm/a.le\libstartup.a(getsize.o)
                              main.o (getsize)
C:/ide-4.6-workspace/bsp-TI-omap3530-src/src/hardware/startup/lib/arm/a.le\libstartup.a(hw_rtc_none.o)
                              rtc_time.o (rtc_time_none)
C:/ide-4.6-workspace/bsp-TI-omap3530-src/src/hardware/startup/lib/arm/a.le\libstartup.a(hw_seromap.o)
                              main.o (put_omap)
C:/ide-4.6-workspace/bsp-TI-omap3530-src/src/hardware/startup/lib/arm/a.le\libstartup.a(hwi_add_device.o)
                              main.o (hwi_add_device)
C:/ide-4.6-workspace/bsp-TI-omap3530-src/src/hardware/startup/lib/arm/a.le\libstartup.a(hwi_add_location.o)
                              main.o (hwi_add_location)
C:/ide-4.6-workspace/bsp-TI-omap3530-src/src/hardware/startup/lib/arm/a.le\libstartup.a(hwi_alloc.o)
                              C:/ide-4.6-workspace/bsp-TI-omap3530-src/src/hardware/startup/lib/arm/a.le\libstartup.a(hwi_add_device.o) (hwi_alloc_item)
C:/ide-4.6-workspace/bsp-TI-omap3530-src/src/hardware/startup/lib/arm/a.le\libstartup.a(hwi_find_as.o)
                              main.o (hwi_find_as)
C:/ide-4.6-workspace/bsp-TI-omap3530-src/src/hardware/startup/lib/arm/a.le\libstartup.a(hwitag_add_location.o)
                              C:/ide-4.6-workspace/bsp-TI-omap3530-src/src/hardware/startup/lib/arm/a.le\libstartup.a(hwi_add_location.o) (hwitag_add_location)
C:/ide-4.6-workspace/bsp-TI-omap3530-src/src/hardware/startup/lib/arm/a.le\libstartup.a(init_cacheattr.o)
                              main.o (init_cacheattr)
C:/ide-4.6-workspace/bsp-TI-omap3530-src/src/hardware/startup/lib/arm/a.le\libstartup.a(init_cpuinfo.o)
                              cstart.o (mmu_cr_set)
C:/ide-4.6-workspace/bsp-TI-omap3530-src/src/hardware/startup/lib/arm/a.le\libstartup.a(init_mmu.o)
                              main.o (init_mmu)
[...]
Memory Configuration

Name             Origin             Length             Attributes
*default*        0x00000000         0xffffffff

Linker script and memory map

LOAD arm_board_ttb.o
LOAD armv7_cache.o
LOAD armv_setup_v7.o
LOAD callout_interrupt_omap3530_sdma.o
LOAD callout_reboot_omap3530.o
LOAD callout_timer_omap3530.o
LOAD cstart.o
LOAD init_asinfo.o
LOAD init_hwinfo.o
LOAD init_intrinfo.o
LOAD init_pinmux.o
LOAD init_qtime_omap3530.o
LOAD init_raminfo.o
LOAD main.o
LOAD rtc_time.o
LOAD C:/ide-4.6-workspace/bsp-TI-omap3530-src/src/hardware/startup/lib/arm/a.le\libstartup.a
LOAD C:/QNX641/target/qnx6/armle/usr/lib\liblzo.a
LOAD C:/QNX641/target/qnx6/armle/usr/lib\libucl.a
LOAD C:/QNX641/target/qnx6/armle/usr/lib\libdrvr.a
LOAD C:/QNX641/host/win32/x86/usr/lib/gcc/arm-unknown-nto-qnx6.4.0/4.3.3//libgcc.a
LOAD C:/QNX641/target/qnx6/armle/lib\libc.a
LOAD C:/QNX641/target/qnx6/armle/lib\libc.a
LOAD C:/QNX641/host/win32/x86/usr/lib/gcc/arm-unknown-nto-qnx6.4.0/4.3.3//libgcc.a

.interp
 *(.interp)

.note.gnu.build-id
 *(.note.gnu.build-id)

.hash
 *(.hash)

.gnu.hash
 *(.gnu.hash)

.dynsym
 *(.dynsym)

.dynstr
 *(.dynstr)

.gnu.version
 *(.gnu.version)

.gnu.version_d
 *(.gnu.version_d)

.gnu.version_r
 *(.gnu.version_r)

.rel.init
 *(.rel.init)

.rela.init
 *(.rela.init)

.rel.text
 *(.rel.text)

.rela.text
 *(.rela.text)

.rel.fini
 *(.rel.fini)

.rela.fini
 *(.rela.fini)

.rel.rodata
 *(.rel.rodata)

.rela.rodata
 *(.rela.rodata)

.rel.data.rel.ro
 *(.rel.data.rel.ro)

.rela.data.rel.ro
 *(.rela.data.rel.ro)

.rel.data
 *(.rel.data)

.rela.data
 *(.rela.data)

.rel.tdata
 *(.rel.tdata)

.rela.tdata
 *(.rela.tdata)

.rel.tbss
 *(.rel.tbss)

.rela.tbss
 *(.rela.tbss)

.rel.ctors
 *(.rel.ctors)

.rela.ctors
 *(.rela.ctors)

.rel.dtors
 *(.rel.dtors)

.rela.dtors
 *(.rela.dtors)

.rel.got
 *(.rel.got)

.rela.got
 *(.rela.got)

.rel.bss
 *(.rel.bss)

.rela.bss
 *(.rela.bss)

.rel.plt
 *(.rel.plt)

.rela.plt
 *(.rela.plt)

.init
 *(.init)

.plt
 *(.plt)

.text           0x00000000     0xb9bc
 *(.text .stub)
 .text          0x00000000        0x0 arm_board_ttb.o
 .text          0x00000000        0x0 armv7_cache.o
 .text          0x00000000       0x90 armv_setup_v7.o
                0x00000000                armv_setup_v7
 .text          0x00000090      0x15c callout_interrupt_omap3530_sdma.o
                0x000001b4                interrupt_unmask_omap3_sdma
                0x000000f0                interrupt_id_omap3_sdma
                0x00000144                interrupt_eoi_omap3_sdma
                0x0000017c                interrupt_mask_omap3_sdma
 .text          0x000001ec       0x74 callout_reboot_omap3530.o
                0x0000022c                reboot_omap3530
 .text          0x00000260       0xf8 callout_timer_omap3530.o
                0x00000304                timer_value_omap3530
                0x000002b4                timer_load_omap3530
                0x00000330                timer_reload_omap3530
 *fill*         0x00000358        0x8 00000000
 .text          0x00000360      0x160 cstart.o
                0x000003f0                vstart
                0x00000360                _start
 .text          0x000004c0       0x30 init_asinfo.o
                0x000004c0                init_asinfo
 .text          0x000004f0      0x528 init_hwinfo.o
                0x000004f0                EHCI_ViewPort_write
                0x0000055c                EHCI_ViewPort_read
                0x000005ec                mentor_ulpi_write
                0x000009a8                mentor_ulpi_read
                0x00000660                init_hwinfo
 .text          0x00000a18      0x2a4 init_intrinfo.o
                0x00000a18                init_intrinfo
 .text          0x00000cbc      0x22c init_pinmux.o
                0x00000cbc                init_pinmux
 .text          0x00000ee8      0x138 init_qtime_omap3530.o
                0x00000f20                init_qtime_omap3530
 .text          0x00001020       0x38 init_raminfo.o
                0x00001020                init_raminfo
 .text          0x00001058      0x564 main.o
                0x000011b4                allocate_dsp_memory
                0x00001240                main
                0x00001154                allocate_dsplink_memory
                0x00001058                calc_omap_dpll
 .text          0x000015bc        0x4 rtc_time.o
                0x000015bc                rtc_time
 .text          0x000015c0      0x174 C:/ide-4.6-workspace/bsp-TI-omap3530-src/src/hardware/startup/lib/arm/a.le\libstartup.a(_main.o)
                0x000015d0                __stackavail
                0x000015c4                __get_errno_ptr
                0x000015d8                _main
 .text          0x00001734      0x1b4 C:/ide-4.6-workspace/bsp-TI-omap3530-src/src/hardware/startup/lib/arm/a.le\libstartup.a(add_interrupt.o)
                0x00001734                add_interrupt
                0x0000180c                add_interrupt_array
 .text          0x000018e8       0x6c C:/ide-4.6-workspace/bsp-TI-omap3530-src/src/hardware/startup/lib/arm/a.le\libstartup.a(alloc_qtime.o)
                0x000018e8                alloc_qtime
 .text          0x00001954       0x3c C:/ide-4.6-workspace/bsp-TI-omap3530-src/src/hardware/startup/lib/arm/a.le\libstartup.a(as_add.o)
                0x00001954                as_add
 .text          0x00001990       0xd8 C:/ide-4.6-workspace/bsp-TI-omap3530-src/src/hardware/startup/lib/arm/a.le\libstartup.a(as_add64.o)
                0x00001990                as_add64
 .text          0x00001a68        0x4 C:/ide-4.6-workspace/bsp-TI-omap3530-src/src/hardware/startup/lib/arm/a.le\libstartup.a(board_init.o)
                0x00001a68                board_init
 .text          0x00001a6c      0x14c C:/ide-4.6-workspace/bsp-TI-omap3530-src/src/hardware/startup/lib/arm/a.le\libstartup.a(callout_debug_8250.o)
                0x00001ae8                display_char_8250
                0x00001b2c                poll_key_8250
                0x00001b70                break_detect_8250
 .text          0x00001bb8      0x150 C:/ide-4.6-workspace/bsp-TI-omap3530-src/src/hardware/startup/lib/arm/a.le\libstartup.a(callout_interrupt_omap2420.o)
                0x00001c54                interrupt_eoi_omap2420
                0x00001c90                interrupt_mask_omap2420
                0x00001c0c                interrupt_id_omap2420
                0x00001ccc                interrupt_unmask_omap2420
 .text          0x00001d08      0x13c C:/ide-4.6-workspace/bsp-TI-omap3530-src/src/hardware/startup/lib/arm/a.le\libstartup.a(callout_interrupt_omap2420_gpio.o)
                0x00001e14                interrupt_unmask_omap2420_gpio
                0x00001de4                interrupt_mask_omap2420_gpio
                0x00001db4                interrupt_eoi_omap2420_gpio
                0x00001d68                interrupt_id_omap2420_gpio
 .text          0x00001e44      0x4a0 C:/ide-4.6-workspace/bsp-TI-omap3530-src/src/hardware/startup/lib/arm/a.le\libstartup.a(callouts.o)
                0x00001e44                output_callouts
                0x00001eb0                callout_reloc_data
                0x00002060                add_callout_array
                0x00001ffc                add_callout
                0x00001f70                callout_register_data
                0x00002098                callout_output_one
 .text          0x000022e4      0x6ec C:/ide-4.6-workspace/bsp-TI-omap3530-src/src/hardware/startup/lib/arm/a.le\libstartup.a(common_options.o)
                0x000022e4                set_debug
                0x000024e4                select_debug
                0x00002688                handle_common_option
 .text          0x000029d0       0x2c C:/ide-4.6-workspace/bsp-TI-omap3530-src/src/hardware/startup/lib/arm/a.le\libstartup.a(cpu_common_options.o)
                0x000029d0                cpu_handle_common_option
 .text          0x000029fc       0x34 C:/ide-4.6-workspace/bsp-TI-omap3530-src/src/hardware/startup/lib/arm/a.le\libstartup.a(cpu_startup.o)
                0x000029fc                cpu_startup
 .text          0x00002a30       0x98 C:/ide-4.6-workspace/bsp-TI-omap3530-src/src/hardware/startup/lib/arm/a.le\libstartup.a(debug.o)
                0x00002a30                print_syspage
 .text          0x00002ac8      0x160 C:/ide-4.6-workspace/bsp-TI-omap3530-src/src/hardware/startup/lib/arm/a.le\libstartup.a(getopt.o)
                0x00002ac8                getopt
 .text          0x00002c28      0x100 C:/ide-4.6-workspace/bsp-TI-omap3530-src/src/hardware/startup/lib/arm/a.le\libstartup.a(getsize.o)
                0x00002c28                getsize
 .text          0x00002d28       0x34 C:/ide-4.6-workspace/bsp-TI-omap3530-src/src/hardware/startup/lib/arm/a.le\libstartup.a(hw_rtc_none.o)
                0x00002d28                rtc_time_none
 .text          0x00002d5c      0x3a8 C:/ide-4.6-workspace/bsp-TI-omap3530-src/src/hardware/startup/lib/arm/a.le\libstartup.a(hw_seromap.o)
                0x00002f40                init_omap
                0x00002d9c                put_omap
 .text          0x00003104       0xec C:/ide-4.6-workspace/bsp-TI-omap3530-src/src/hardware/startup/lib/arm/a.le\libstartup.a(hwi_add_device.o)
                0x00003104                hwi_add_device
 .text          0x000031f0       0x38 C:/ide-4.6-workspace/bsp-TI-omap3530-src/src/hardware/startup/lib/arm/a.le\libstartup.a(hwi_add_location.o)
                0x000031f0                hwi_add_location
 .text          0x00003228      0x1e4 C:/ide-4.6-workspace/bsp-TI-omap3530-src/src/hardware/startup/lib/arm/a.le\libstartup.a(hwi_alloc.o)
                0x000032a8                hwi_alloc_tag
                0x0000324c                hwi_grow_tag
                0x00003354                hwi_alloc_item
                0x00003228                __hwi_find_string
                0x0000323c                __hwi_base
 .text          0x0000340c       0x2c C:/ide-4.6-workspace/bsp-TI-omap3530-src/src/hardware/startup/lib/arm/a.le\libstartup.a(hwi_find_as.o)
                0x0000340c                hwi_find_as
 .text          0x00003438       0x4c C:/ide-4.6-workspace/bsp-TI-omap3530-src/src/hardware/startup/lib/arm/a.le\libstartup.a(hwitag_add_location.o)
                0x00003438                hwitag_add_location
 .text          0x00003484        0x4 C:/ide-4.6-workspace/bsp-TI-omap3530-src/src/hardware/startup/lib/arm/a.le\libstartup.a(init_cacheattr.o)
                0x00003484                init_cacheattr
 .text          0x00003488      0x300 C:/ide-4.6-workspace/bsp-TI-omap3530-src/src/hardware/startup/lib/arm/a.le\libstartup.a(init_cpuinfo.o)
                0x000036dc                init_cpuinfo
                0x00003488                init_one_cpuinfo
 .text          0x00003788      0x230 C:/ide-4.6-workspace/bsp-TI-omap3530-src/src/hardware/startup/lib/arm/a.le\libstartup.a(init_mmu.o)
                0x00003788                init_mmu
 .text          0x000039b8      0x7f0 C:/ide-4.6-workspace/bsp-TI-omap3530-src/src/hardware/startup/lib/arm/a.le\libstartup.a(init_system_private.o)
                0x000039e0                init_system_private
 .text          0x000041a8       0xb8 C:/ide-4.6-workspace/bsp-TI-omap3530-src/src/hardware/startup/lib/arm/a.le\libstartup.a(jtag.o)
                0x000041a8                jtag_store_syspage_addr
                0x00004208                jtag_reserve_memory
                0x000041f0                jtag_reserve_syspage_addr
 .text          0x00004260      0x428 C:/ide-4.6-workspace/bsp-TI-omap3530-src/src/hardware/startup/lib/arm/a.le\libstartup.a(kprintf.o)
                0x000045d4                get_print_char
                0x000045c4                set_print_char
                0x000045e4                ksprintf
                0x00004660                crash
                0x0000463c                kprintf
 .text          0x00004688       0xe4 C:/ide-4.6-workspace/bsp-TI-omap3530-src/src/hardware/startup/lib/arm/a.le\libstartup.a(load_ifs.o)
                0x00004688                load_ifs
 .text          0x0000476c       0x10 C:/ide-4.6-workspace/bsp-TI-omap3530-src/src/hardware/startup/lib/arm/a.le\libstartup.a(map_callout_io.o)
                0x0000476c                callout_io_map
 .text          0x0000477c        0xc C:/ide-4.6-workspace/bsp-TI-omap3530-src/src/hardware/startup/lib/arm/a.le\libstartup.a(map_startup_io.o)
                0x0000477c                startup_io_map
                0x00004784                startup_io_unmap
 .text          0x00004788        0xc C:/ide-4.6-workspace/bsp-TI-omap3530-src/src/hardware/startup/lib/arm/a.le\libstartup.a(map_startup_mem.o)
                0x00004788                startup_memory_map
                0x00004790                startup_memory_unmap
 .text          0x00004794       0xc8 C:/ide-4.6-workspace/bsp-TI-omap3530-src/src/hardware/startup/lib/arm/a.le\libstartup.a(memfuncs.o)
                0x00004794                copy_memory
 .text          0x0000485c       0x60 C:/ide-4.6-workspace/bsp-TI-omap3530-src/src/hardware/startup/lib/arm/a.le\libstartup.a(memmove.o)
                0x0000485c                memmove
 .text          0x000048bc      0xa8c C:/ide-4.6-workspace/bsp-TI-omap3530-src/src/hardware/startup/lib/arm/a.le\libstartup.a(print_sysp.o)
                0x000048bc                print_syspage_sections
                0x00004dd8                print_qtime
                0x00005210                print_strings
                0x00004ed0                print_meminfo
                0x000052d8                print_typed_strings
                0x00004e38                print_asinfo
                0x00004b70                print_intrinfo
                0x00004b40                print_smp
                0x000050f4                print_hwinfo
                0x00004c44                print_callout
                0x00005074                print_syspage_enable
                0x00004b1c                print_pminfo
                0x00004aa0                print_mdriver
                0x00004ccc                print_cacheattr
                0x00004d48                print_cpuinfo
                0x00004f78                print_system_private
 .text          0x00005348      0xb10 C:/ide-4.6-workspace/bsp-TI-omap3530-src/src/hardware/startup/lib/arm/a.le\libstartup.a(ram.o)
                0x00005788                watch_add_ram
                0x000057d4                add_sysram
                0x00005724                avoid_ram
                0x00005348                find_top_ram_aligned
                0x00005e04                calloc_ram
                0x00005cc4                add_ram
                0x00005c30                reserve_ram
                0x000059c0                alloc_ram
                0x00005470                find_top_ram
                0x00005488                find_ram
                0x000055cc                ws_alloc
 .text          0x00005e58      0xac0 C:/ide-4.6-workspace/bsp-TI-omap3530-src/src/hardware/startup/lib/arm/a.le\libstartup.a(restore_ifs.o)
                0x00005fe8                rifs_restore_ifs2
                0x00006150                rifs_save_elf32data
                0x00006884                load_ifs2_nonbootable
                0x0000631c                rifs_restore_ifs
                0x00006728                rifs_load_ifs2
                0x00005ef4                rifs_set_cksum
 .text          0x00006918       0x90 C:/ide-4.6-workspace/bsp-TI-omap3530-src/src/hardware/startup/lib/arm/a.le\libstartup.a(startnext.o)
                0x00006918                startnext
 .text          0x000069a8       0x5c C:/ide-4.6-workspace/bsp-TI-omap3530-src/src/hardware/startup/lib/arm/a.le\libstartup.a(startup_info.o)
                0x000069a8                find_startup_info
 .text          0x00006a04      0x278 C:/ide-4.6-workspace/bsp-TI-omap3530-src/src/hardware/startup/lib/arm/a.le\libstartup.a(strings.o)
                0x00006a7c                del_typed_string
                0x00006a04                find_typed_string
                0x00006c00                add_typed_string
                0x00006b2c                add_string
 .text          0x00006c7c       0xf4 C:/ide-4.6-workspace/bsp-TI-omap3530-src/src/hardware/startup/lib/arm/a.le\libstartup.a(strtoul.o)
                0x00006d6c                strtoul
                0x00006c7c                strtopaddr
 .text          0x00006d70      0x4ec C:/ide-4.6-workspace/bsp-TI-omap3530-src/src/hardware/startup/lib/arm/a.le\libstartup.a(syspage_memory.o)
                0x00006dc4                alloc_syspage_memory
                0x00007064                grow_syspage_section
                0x00006ffc                reloc_syspage_memory
                0x00007198                init_syspage_memory
                0x00006d70                write_syspage_memory
                0x0000715c                set_syspage_section
 .text          0x0000725c        0x4 C:/ide-4.6-workspace/bsp-TI-omap3530-src/src/hardware/startup/lib/arm/a.le\libstartup.a(tweak_cmdline.o)
                0x0000725c                tweak_cmdline
 .text          0x00007260       0x70 C:/ide-4.6-workspace/bsp-TI-omap3530-src/src/hardware/startup/lib/arm/a.le\libstartup.a(uncompress.o)
                0x00007260                uncompress
 .text          0x000072d0       0x9c C:/ide-4.6-workspace/bsp-TI-omap3530-src/src/hardware/startup/lib/arm/a.le\libstartup.a(uncompress_ucl.o)
                0x000072d0                uncompress_ucl
 .text          0x0000736c      0x508 C:/ide-4.6-workspace/bsp-TI-omap3530-src/src/hardware/startup/lib/arm/a.le\libstartup.a(arm_cache.o)
                0x00007588                arm_add_cache
                0x0000736c                arm_v7_add_cache
 .text          0x00007874      0x118 C:/ide-4.6-workspace/bsp-TI-omap3530-src/src/hardware/startup/lib/arm/a.le\libstartup.a(arm_cpuspeed.o)
                0x00007874                arm_cpuspeed
 .text          0x0000798c      0x67c C:/ide-4.6-workspace/bsp-TI-omap3530-src/src/hardware/startup/lib/arm/a.le\libstartup.a(arm_map.o)
                0x00007d6c                arm_map
                0x00007c30                arm_map_cpu
                0x00007bc4                elf_vaddr_to_paddr
                0x00007a1c                map_ptbl
                0x00007a74                arm_pdmap
                0x00007ad8                arm_scmap
                0x00007b68                arm_scunmap
 .text          0x00008008       0xd4 C:/ide-4.6-workspace/bsp-TI-omap3530-src/src/hardware/startup/lib/arm/a.le\libstartup.a(arm_pte.o)
                0x00008008                arm_pte_setup
 .text          0x000080dc       0x58 C:/ide-4.6-workspace/bsp-TI-omap3530-src/src/hardware/startup/lib/arm/a.le\libstartup.a(armv_chip_detect.o)
                0x000080dc                armv_chip_detect
 .text          0x00008134        0x0 C:/ide-4.6-workspace/bsp-TI-omap3530-src/src/hardware/startup/lib/arm/a.le\libstartup.a(armv_list.o)
 .text          0x00008134      0x2c4 C:/ide-4.6-workspace/bsp-TI-omap3530-src/src/hardware/startup/lib/arm/a.le\libstartup.a(as_add_containing.o)
                0x00008134                as_add_containing
 .text          0x000083f8       0x38 C:/ide-4.6-workspace/bsp-TI-omap3530-src/src/hardware/startup/lib/arm/a.le\libstartup.a(as_default.o)
                0x000083f8                as_default
 .text          0x00008430      0x138 C:/ide-4.6-workspace/bsp-TI-omap3530-src/src/hardware/startup/lib/arm/a.le\libstartup.a(as_find.o)
                0x00008430                as_find
 .text          0x00008568      0x154 C:/ide-4.6-workspace/bsp-TI-omap3530-src/src/hardware/startup/lib/arm/a.le\libstartup.a(as_find_containing.o)
                0x00008568                as_find_containing
 .text          0x000086bc       0x14 C:/ide-4.6-workspace/bsp-TI-omap3530-src/src/hardware/startup/lib/arm/a.le\libstartup.a(as_off2info.o)
                0x000086bc                as_off2info
 .text          0x000086d0      0x210 C:/ide-4.6-workspace/bsp-TI-omap3530-src/src/hardware/startup/lib/arm/a.le\libstartup.a(chip_access.o)
                0x0000887c                chip_access
                0x00008714                chip_write8
                0x00008828                chip_write32
                0x000087e8                chip_read32
                0x000086d0                chip_read8
                0x00008758                chip_read16
                0x000087a0                chip_write16
                0x0000884c                chip_done
 .text          0x000088e0       0x8c C:/ide-4.6-workspace/bsp-TI-omap3530-src/src/hardware/startup/lib/arm/a.le\libstartup.a(cpu_startnext.o)
                0x000088e0                cpu_startnext
 .text          0x0000896c      0x1e0 C:/ide-4.6-workspace/bsp-TI-omap3530-src/src/hardware/startup/lib/arm/a.le\libstartup.a(cpu_syspage_memory.o)
                0x00008970                cpu_alloc_syspage_memory
                0x0000896c                cpu_write_syspage_memory
                0x00008b3c                cpu_init_syspage_memory
 .text          0x00008b4c        0x4 C:/ide-4.6-workspace/bsp-TI-omap3530-src/src/hardware/startup/lib/arm/a.le\libstartup.a(crash_done.o)
                0x00008b4c                crash_done
 .text          0x00008b50        0x4 C:/ide-4.6-workspace/bsp-TI-omap3530-src/src/hardware/startup/lib/arm/a.le\libstartup.a(dummy_print_char.o)
                0x00008b50                dummy_print_char
 .text          0x00008b54      0x360 C:/ide-4.6-workspace/bsp-TI-omap3530-src/src/hardware/startup/lib/arm/a.le\libstartup.a(elf.o)
                0x00008b54                is_elf
                0x00008c14                load_elf32
 .text          0x00008eb4      0x268 C:/ide-4.6-workspace/bsp-TI-omap3530-src/src/hardware/startup/lib/arm/a.le\libstartup.a(elf_map.o)
                0x00008eb4                elf_map
 .text          0x0000911c       0x60 C:/ide-4.6-workspace/bsp-TI-omap3530-src/src/hardware/startup/lib/arm/a.le\libstartup.a(hwi_default.o)
                0x0000911c                hwi_default
 .text          0x0000917c        0x0 C:/ide-4.6-workspace/bsp-TI-omap3530-src/src/hardware/startup/lib/arm/a.le\libstartup.a(mdriver_max.o)
 .text          0x0000917c      0x144 C:/ide-4.6-workspace/bsp-TI-omap3530-src/src/hardware/startup/lib/arm/a.le\libstartup.a(memcpy.o)
                0x0000917c                memcpy
 .text          0x000092c0       0x28 C:/ide-4.6-workspace/bsp-TI-omap3530-src/src/hardware/startup/lib/arm/a.le\libstartup.a(timer_ns2tick.o)
                0x000092c0                timer_ns2tick
 .text          0x000092e8       0x98 C:/ide-4.6-workspace/bsp-TI-omap3530-src/src/hardware/startup/lib/arm/a.le\libstartup.a(timer_tick2ns.o)
                0x000092e8                timer_tick2ns
 .text          0x00009380      0x1b0 C:/ide-4.6-workspace/bsp-TI-omap3530-src/src/hardware/startup/lib/arm/a.le\libstartup.a(add_cache.o)
                0x000094a8                add_cache
                0x00009380                add_cache_ways
 .text          0x00009530        0x0 C:/ide-4.6-workspace/bsp-TI-omap3530-src/src/hardware/startup/lib/arm/a.le\libstartup.a(armv_chip_1020.o)
 .text          0x00009530        0x0 C:/ide-4.6-workspace/bsp-TI-omap3530-src/src/hardware/startup/lib/arm/a.le\libstartup.a(armv_chip_1022.o)
 .text          0x00009530        0x0 C:/ide-4.6-workspace/bsp-TI-omap3530-src/src/hardware/startup/lib/arm/a.le\libstartup.a(armv_chip_1136.o)
 .text          0x00009530        0x0 C:/ide-4.6-workspace/bsp-TI-omap3530-src/src/hardware/startup/lib/arm/a.le\libstartup.a(armv_chip_1176.o)
 .text          0x00009530        0x0 C:/ide-4.6-workspace/bsp-TI-omap3530-src/src/hardware/startup/lib/arm/a.le\libstartup.a(armv_chip_1200.o)
 .text          0x00009530        0x0 C:/ide-4.6-workspace/bsp-TI-omap3530-src/src/hardware/startup/lib/arm/a.le\libstartup.a(armv_chip_23xx.o)
 .text          0x00009530        0x0 C:/ide-4.6-workspace/bsp-TI-omap3530-src/src/hardware/startup/lib/arm/a.le\libstartup.a(armv_chip_2400.o)
 .text          0x00009530        0x0 C:/ide-4.6-workspace/bsp-TI-omap3530-src/src/hardware/startup/lib/arm/a.le\libstartup.a(armv_chip_2800.o)
 .text          0x00009530        0x0 C:/ide-4.6-workspace/bsp-TI-omap3530-src/src/hardware/startup/lib/arm/a.le\libstartup.a(armv_chip_425.o)
 .text          0x00009530        0x0 C:/ide-4.6-workspace/bsp-TI-omap3530-src/src/hardware/startup/lib/arm/a.le\libstartup.a(armv_chip_465.o)
 .text          0x00009530        0x0 C:/ide-4.6-workspace/bsp-TI-omap3530-src/src/hardware/startup/lib/arm/a.le\libstartup.a(armv_chip_720.o)
 .text          0x00009530        0x0 C:/ide-4.6-workspace/bsp-TI-omap3530-src/src/hardware/startup/lib/arm/a.le\libstartup.a(armv_chip_80200.o)
 .text          0x00009530        0x0 C:/ide-4.6-workspace/bsp-TI-omap3530-src/src/hardware/startup/lib/arm/a.le\libstartup.a(armv_chip_920.o)
 .text          0x00009530        0x0 C:/ide-4.6-workspace/bsp-TI-omap3530-src/src/hardware/startup/lib/arm/a.le\libstartup.a(armv_chip_922.o)
 .text          0x00009530        0x0 C:/ide-4.6-workspace/bsp-TI-omap3530-src/src/hardware/startup/lib/arm/a.le\libstartup.a(armv_chip_925.o)
 .text          0x00009530        0x0 C:/ide-4.6-workspace/bsp-TI-omap3530-src/src/hardware/startup/lib/arm/a.le\libstartup.a(armv_chip_926.o)
 .text          0x00009530        0x0 C:/ide-4.6-workspace/bsp-TI-omap3530-src/src/hardware/startup/lib/arm/a.le\libstartup.a(armv_chip_a8.o)
 .text          0x00009530        0x0 C:/ide-4.6-workspace/bsp-TI-omap3530-src/src/hardware/startup/lib/arm/a.le\libstartup.a(armv_chip_mp11.o)
 .text          0x00009530        0x0 C:/ide-4.6-workspace/bsp-TI-omap3530-src/src/hardware/startup/lib/arm/a.le\libstartup.a(armv_chip_pxa210b.o)
 .text          0x00009530        0x0 C:/ide-4.6-workspace/bsp-TI-omap3530-src/src/hardware/startup/lib/arm/a.le\libstartup.a(armv_chip_pxa210c.o)
 .text          0x00009530        0x0 C:/ide-4.6-workspace/bsp-TI-omap3530-src/src/hardware/startup/lib/arm/a.le\libstartup.a(armv_chip_pxa250a.o)
 .text          0x00009530        0x0 C:/ide-4.6-workspace/bsp-TI-omap3530-src/src/hardware/startup/lib/arm/a.le\libstartup.a(armv_chip_pxa250b.o)
 .text          0x00009530        0x0 C:/ide-4.6-workspace/bsp-TI-omap3530-src/src/hardware/startup/lib/arm/a.le\libstartup.a(armv_chip_pxa255.o)
 .text          0x00009530        0x0 C:/ide-4.6-workspace/bsp-TI-omap3530-src/src/hardware/startup/lib/arm/a.le\libstartup.a(armv_chip_pxa270.o)
 .text          0x00009530        0x0 C:/ide-4.6-workspace/bsp-TI-omap3530-src/src/hardware/startup/lib/arm/a.le\libstartup.a(armv_chip_sa1100.o)
 .text          0x00009530        0x0 C:/ide-4.6-workspace/bsp-TI-omap3530-src/src/hardware/startup/lib/arm/a.le\libstartup.a(armv_chip_sa1110.o)
 .text          0x00009530        0x0 C:/ide-4.6-workspace/bsp-TI-omap3530-src/src/hardware/startup/lib/arm/a.le\libstartup.a(armv_pte_ixp2xxx.o)
 .text          0x00009530        0x0 C:/ide-4.6-workspace/bsp-TI-omap3530-src/src/hardware/startup/lib/arm/a.le\libstartup.a(armv_pte_v4wb.o)
 .text          0x00009530        0x0 C:/ide-4.6-workspace/bsp-TI-omap3530-src/src/hardware/startup/lib/arm/a.le\libstartup.a(armv_pte_v4wt.o)
 .text          0x00009530        0x0 C:/ide-4.6-workspace/bsp-TI-omap3530-src/src/hardware/startup/lib/arm/a.le\libstartup.a(armv_pte_v5wa.o)
 .text          0x00009530        0x0 C:/ide-4.6-workspace/bsp-TI-omap3530-src/src/hardware/startup/lib/arm/a.le\libstartup.a(armv_pte_v5wb.o)
 .text          0x00009530        0x0 C:/ide-4.6-workspace/bsp-TI-omap3530-src/src/hardware/startup/lib/arm/a.le\libstartup.a(armv_pte_v5wt.o)
 .text          0x00009530        0x0 C:/ide-4.6-workspace/bsp-TI-omap3530-src/src/hardware/startup/lib/arm/a.le\libstartup.a(armv_pte_v6mp.o)
 .text          0x00009530        0x0 C:/ide-4.6-workspace/bsp-TI-omap3530-src/src/hardware/startup/lib/arm/a.le\libstartup.a(armv_pte_v6wb.o)
 .text          0x00009530        0x0 C:/ide-4.6-workspace/bsp-TI-omap3530-src/src/hardware/startup/lib/arm/a.le\libstartup.a(armv_pte_v7wb.o)
 .text          0x00009530        0x0 C:/ide-4.6-workspace/bsp-TI-omap3530-src/src/hardware/startup/lib/arm/a.le\libstartup.a(armv_pte_xsc3.o)
 .text          0x00009530       0x38 C:/ide-4.6-workspace/bsp-TI-omap3530-src/src/hardware/startup/lib/arm/a.le\libstartup.a(armv_setup_1136.o)
                0x00009530                armv_setup_1136
 .text          0x00009568        0x8 C:/ide-4.6-workspace/bsp-TI-omap3530-src/src/hardware/startup/lib/arm/a.le\libstartup.a(armv_setup_1176.o)
                0x00009568                armv_setup_1176
 .text          0x00009570        0x8 C:/ide-4.6-workspace/bsp-TI-omap3530-src/src/hardware/startup/lib/arm/a.le\libstartup.a(armv_setup_a8.o)
                0x00009570                armv_setup_a8
 .text          0x00009578       0xb0 C:/ide-4.6-workspace/bsp-TI-omap3530-src/src/hardware/startup/lib/arm/a.le\libstartup.a(armv_setup_mp11.o)
                0x00009578                armv_setup_mp11
 .text          0x00009628       0x98 C:/ide-4.6-workspace/bsp-TI-omap3530-src/src/hardware/startup/lib/arm/a.le\libstartup.a(armv_setup_v6.o)
                0x00009628                armv_setup_v6
 .text          0x000096c0       0x24 C:/ide-4.6-workspace/bsp-TI-omap3530-src/src/hardware/startup/lib/arm/a.le\libstartup.a(armv_setup_xscale.o)
                0x000096c0                armv_setup_xscale
 .text          0x000096e4       0x54 C:/ide-4.6-workspace/bsp-TI-omap3530-src/src/hardware/startup/lib/arm/a.le\libstartup.a(callout_page_1020.o)
                0x00009728                page_flush_deferred_1020
                0x000096e4                page_flush_1020
 .text          0x00009738       0x54 C:/ide-4.6-workspace/bsp-TI-omap3530-src/src/hardware/startup/lib/arm/a.le\libstartup.a(callout_page_1136.o)
                0x00009778                page_flush_deferred_1136
                0x00009738                page_flush_1136
 .text          0x0000978c       0x38 C:/ide-4.6-workspace/bsp-TI-omap3530-src/src/hardware/startup/lib/arm/a.le\libstartup.a(callout_page_720.o)
                0x000097ac                page_flush_deferred_720
                0x0000978c                page_flush_720
 .text          0x000097c4       0x54 C:/ide-4.6-workspace/bsp-TI-omap3530-src/src/hardware/startup/lib/arm/a.le\libstartup.a(callout_page_920.o)
                0x000097c4                page_flush_920
                0x00009808                page_flush_deferred_920
 .text          0x00009818       0x54 C:/ide-4.6-workspace/bsp-TI-omap3530-src/src/hardware/startup/lib/arm/a.le\libstartup.a(callout_page_925.o)
                0x00009818                page_flush_925
                0x0000985c                page_flush_deferred_925
 .text          0x0000986c       0x5c C:/ide-4.6-workspace/bsp-TI-omap3530-src/src/hardware/startup/lib/arm/a.le\libstartup.a(callout_page_a8.o)
                0x0000986c                page_flush_a8
                0x000098b8                page_flush_deferred_a8
 .text          0x000098c8       0x54 C:/ide-4.6-workspace/bsp-TI-omap3530-src/src/hardware/startup/lib/arm/a.le\libstartup.a(callout_page_mp11.o)
                0x000098c8                page_flush_mp11
                0x0000990c                page_flush_deferred_mp11
 .text          0x0000991c       0x60 C:/ide-4.6-workspace/bsp-TI-omap3530-src/src/hardware/startup/lib/arm/a.le\libstartup.a(callout_page_sa.o)
                0x0000995c                page_flush_deferred_sa
                0x0000991c                page_flush_sa
 .text          0x0000997c       0x64 C:/ide-4.6-workspace/bsp-TI-omap3530-src/src/hardware/startup/lib/arm/a.le\libstartup.a(callout_page_xsc3.o)
                0x000099d0                page_flush_deferred_xsc3
                0x0000997c                page_flush_xsc3
 .text          0x000099e0       0x5c C:/ide-4.6-workspace/bsp-TI-omap3530-src/src/hardware/startup/lib/arm/a.le\libstartup.a(callout_page_xscale.o)
                0x000099e0                page_flush_xscale
                0x00009a2c                page_flush_deferred_xscale
 .text          0x00009a3c       0x44 C:/ide-4.6-workspace/bsp-TI-omap3530-src/src/hardware/startup/lib/arm/a.le\libstartup.a(callout_power_926.o)
                0x00009a3c                power_926
 .text          0x00009a80       0x20 C:/ide-4.6-workspace/bsp-TI-omap3530-src/src/hardware/startup/lib/arm/a.le\libstartup.a(callout_power_cp15_wfi.o)
                0x00009a80                power_cp15_wfi
 .text          0x00009aa0       0xb8 C:/ide-4.6-workspace/bsp-TI-omap3530-src/src/hardware/startup/lib/arm/a.le\libstartup.a(callout_power_sa1100.o)
                0x00009b08                power_sa1100
 .text          0x00009b58       0x24 C:/ide-4.6-workspace/bsp-TI-omap3530-src/src/hardware/startup/lib/arm/a.le\libstartup.a(callout_power_xscale.o)
                0x00009b58                power_xscale
 .text          0x00009b7c        0x0 C:/ide-4.6-workspace/bsp-TI-omap3530-src/src/hardware/startup/lib/arm/a.le\libstartup.a(armv_cache_1020.o)
 .text          0x00009b7c        0x0 C:/ide-4.6-workspace/bsp-TI-omap3530-src/src/hardware/startup/lib/arm/a.le\libstartup.a(armv_cache_1136.o)
 .text          0x00009b7c        0x0 C:/ide-4.6-workspace/bsp-TI-omap3530-src/src/hardware/startup/lib/arm/a.le\libstartup.a(armv_cache_720.o)
 .text          0x00009b7c        0x0 C:/ide-4.6-workspace/bsp-TI-omap3530-src/src/hardware/startup/lib/arm/a.le\libstartup.a(armv_cache_920.o)
 .text          0x00009b7c        0x0 C:/ide-4.6-workspace/bsp-TI-omap3530-src/src/hardware/startup/lib/arm/a.le\libstartup.a(armv_cache_925.o)
 .text          0x00009b7c        0x0 C:/ide-4.6-workspace/bsp-TI-omap3530-src/src/hardware/startup/lib/arm/a.le\libstartup.a(armv_cache_926.o)
 .text          0x00009b7c        0x0 C:/ide-4.6-workspace/bsp-TI-omap3530-src/src/hardware/startup/lib/arm/a.le\libstartup.a(armv_cache_a8.o)
 .text          0x00009b7c        0x0 C:/ide-4.6-workspace/bsp-TI-omap3530-src/src/hardware/startup/lib/arm/a.le\libstartup.a(armv_cache_mp11.o)
 .text          0x00009b7c        0x0 C:/ide-4.6-workspace/bsp-TI-omap3530-src/src/hardware/startup/lib/arm/a.le\libstartup.a(armv_cache_sa1100.o)
 .text          0x00009b7c        0x0 C:/ide-4.6-workspace/bsp-TI-omap3530-src/src/hardware/startup/lib/arm/a.le\libstartup.a(armv_cache_xsc3.o)
 .text          0x00009b7c        0x0 C:/ide-4.6-workspace/bsp-TI-omap3530-src/src/hardware/startup/lib/arm/a.le\libstartup.a(armv_cache_xscale.o)
 .text          0x00009b7c       0x9c C:/ide-4.6-workspace/bsp-TI-omap3530-src/src/hardware/startup/lib/arm/a.le\libstartup.a(callout_cache_1020.o)
                0x00009b7c                cache_1020_i
                0x00009bb8                cache_1020_d
 .text          0x00009c18       0x8c C:/ide-4.6-workspace/bsp-TI-omap3530-src/src/hardware/startup/lib/arm/a.le\libstartup.a(callout_cache_1136.o)
                0x00009c18                cache_1136_i
                0x00009c30                cache_1136_d
 .text          0x00009ca4       0x20 C:/ide-4.6-workspace/bsp-TI-omap3530-src/src/hardware/startup/lib/arm/a.le\libstartup.a(callout_cache_720.o)
                0x00009ca4                cache_720
 .text          0x00009cc4       0x9c C:/ide-4.6-workspace/bsp-TI-omap3530-src/src/hardware/startup/lib/arm/a.le\libstartup.a(callout_cache_920.o)
                0x00009cc4                cache_920_i
                0x00009d00                cache_920_d
 .text          0x00009d60       0x9c C:/ide-4.6-workspace/bsp-TI-omap3530-src/src/hardware/startup/lib/arm/a.le\libstartup.a(callout_cache_925.o)
                0x00009d60                cache_925_i
                0x00009d9c                cache_925_d
 .text          0x00009dfc       0xd8 C:/ide-4.6-workspace/bsp-TI-omap3530-src/src/hardware/startup/lib/arm/a.le\libstartup.a(callout_cache_926.o)
                0x00009e48                cache_926_d
                0x00009dfc                cache_926_i
 .text          0x00009ed4       0x8c C:/ide-4.6-workspace/bsp-TI-omap3530-src/src/hardware/startup/lib/arm/a.le\libstartup.a(callout_cache_a8.o)
                0x00009f0c                cache_a8_d
                0x00009ed4                cache_a8_i
 .text          0x00009f60       0x84 C:/ide-4.6-workspace/bsp-TI-omap3530-src/src/hardware/startup/lib/arm/a.le\libstartup.a(callout_cache_mp11.o)
                0x00009f60                cache_mp11_i
                0x00009f90                cache_mp11_d
 .text          0x00009fe4       0x7c C:/ide-4.6-workspace/bsp-TI-omap3530-src/src/hardware/startup/lib/arm/a.le\libstartup.a(callout_cache_sa.o)
                0x00009fe4                cache_sa_i
                0x00009ffc                cache_sa_d
 .text          0x0000a060       0xb4 C:/ide-4.6-workspace/bsp-TI-omap3530-src/src/hardware/startup/lib/arm/a.le\libstartup.a(callout_cache_xsc3.o)
                0x0000a060                cache_xsc3_i
                0x0000a0a4                cache_xsc3_d
 .text          0x0000a114       0xa4 C:/ide-4.6-workspace/bsp-TI-omap3530-src/src/hardware/startup/lib/arm/a.le\libstartup.a(callout_cache_xscale.o)
                0x0000a154                cache_xscale_d
                0x0000a114                cache_xscale_i
 .text          0x0000a1b8      0x8ac C:/QNX641/target/qnx6/armle/usr/lib\libucl.a(n2b_d.o)
                0x0000a3f8                ucl_nrv2b_decompress_le16
                0x0000a6e4                ucl_nrv2b_decompress_le32
                0x0000a1b8                ucl_nrv2b_decompress_8
 .text          0x0000aa64      0x110 C:/QNX641/host/win32/x86/usr/lib/gcc/arm-unknown-nto-qnx6.4.0/4.3.3//libgcc.a(_udivsi3.o)
                0x0000aa64                __udivsi3
                0x0000aa64                __aeabi_uidiv
                0x0000ab5c                __aeabi_uidivmod
 .text          0x0000ab74        0xc C:/QNX641/host/win32/x86/usr/lib/gcc/arm-unknown-nto-qnx6.4.0/4.3.3//libgcc.a(_dvmd_nto.o)
                0x0000ab74                __div0
 .text          0x0000ab80      0x554 C:/QNX641/host/win32/x86/usr/lib/gcc/arm-unknown-nto-qnx6.4.0/4.3.3//libgcc.a(_udivdi3.o)
                0x0000ab80                __udivdi3
 .text          0x0000b0d4      0x508 C:/QNX641/host/win32/x86/usr/lib/gcc/arm-unknown-nto-qnx6.4.0/4.3.3//libgcc.a(_umoddi3.o)
                0x0000b0d4                __umoddi3
 .text          0x0000b5dc       0xcc C:/QNX641/host/win32/x86/usr/lib/gcc/arm-unknown-nto-qnx6.4.0/4.3.3//libgcc.a(_umodsi3.o)
                0x0000b5dc                __umodsi3
 .text          0x0000b6a8        0x0 C:/QNX641/host/win32/x86/usr/lib/gcc/arm-unknown-nto-qnx6.4.0/4.3.3//libgcc.a(_clz.o)
 .text          0x0000b6a8      0x12c C:/QNX641/target/qnx6/armle/lib\libc.a(hwi_find_item.o)
                0x0000b6a8                hwi_find_item
 .text          0x0000b7d4       0x1c C:/QNX641/target/qnx6/armle/lib\libc.a(hwi_off2tag.o)
                0x0000b7d4                hwi_off2tag
 .text          0x0000b7f0       0x1c C:/QNX641/target/qnx6/armle/lib\libc.a(hwi_tag2off.o)
                0x0000b7f0                hwi_tag2off
 .text          0x0000b80c       0x4c C:/QNX641/target/qnx6/armle/lib\libc.a(memcmp.o)
                0x0000b80c                memcmp
 .text          0x0000b858       0x90 C:/QNX641/target/qnx6/armle/lib\libc.a(memset.o)
                0x0000b858                memset
 .text          0x0000b8e8       0x44 C:/QNX641/target/qnx6/armle/lib\libc.a(strchr.o)
                0x0000b8e8                strchr
 .text          0x0000b92c       0x4c C:/QNX641/target/qnx6/armle/lib\libc.a(strcmp.o)
                0x0000b92c                strcmp
 .text          0x0000b978       0x1c C:/QNX641/target/qnx6/armle/lib\libc.a(strcpy.o)
                0x0000b978                strcpy
 .text          0x0000b994       0x28 C:/QNX641/target/qnx6/armle/lib\libc.a(strlen.o)
                0x0000b994                strlen
 *(.gnu.warning)

.fini
 *(.fini)

.rodata         0x00000000      0xa60
 *(.rodata)
 .rodata        0x00000000      0x16c init_intrinfo.o
 .rodata        0x0000016c       0x18 init_qtime_omap3530.o
 .rodata        0x00000184       0x28 main.o
                0x00000184                callouts
                0x0000018c                debug_devices
 .rodata        0x000001ac        0x5 C:/ide-4.6-workspace/bsp-TI-omap3530-src/src/hardware/startup/lib/arm/a.le\libstartup.a(add_interrupt.o)
 *fill*         0x000001b1        0x3 00
 .rodata        0x000001b4        0x8 C:/ide-4.6-workspace/bsp-TI-omap3530-src/src/hardware/startup/lib/arm/a.le\libstartup.a(init_system_private.o)
 .rodata        0x000001bc       0x14 C:/ide-4.6-workspace/bsp-TI-omap3530-src/src/hardware/startup/lib/arm/a.le\libstartup.a(kprintf.o)
 .rodata        0x000001d0       0x14 C:/ide-4.6-workspace/bsp-TI-omap3530-src/src/hardware/startup/lib/arm/a.le\libstartup.a(restore_ifs.o)
 .rodata        0x000001e4        0x8 C:/ide-4.6-workspace/bsp-TI-omap3530-src/src/hardware/startup/lib/arm/a.le\libstartup.a(as_find.o)
 .rodata        0x000001ec       0x38 C:/ide-4.6-workspace/bsp-TI-omap3530-src/src/hardware/startup/lib/arm/a.le\libstartup.a(armv_chip_1020.o)
                0x000001ec                armv_chip_1020
 .rodata        0x00000224       0x38 C:/ide-4.6-workspace/bsp-TI-omap3530-src/src/hardware/startup/lib/arm/a.le\libstartup.a(armv_chip_1022.o)
                0x00000224                armv_chip_1022
 .rodata        0x0000025c       0x38 C:/ide-4.6-workspace/bsp-TI-omap3530-src/src/hardware/startup/lib/arm/a.le\libstartup.a(armv_chip_1136.o)
                0x0000025c                armv_chip_1136
 .rodata        0x00000294       0x38 C:/ide-4.6-workspace/bsp-TI-omap3530-src/src/hardware/startup/lib/arm/a.le\libstartup.a(armv_chip_1176.o)
                0x00000294                armv_chip_1176
 .rodata        0x000002cc       0x38 C:/ide-4.6-workspace/bsp-TI-omap3530-src/src/hardware/startup/lib/arm/a.le\libstartup.a(armv_chip_1200.o)
                0x000002cc                armv_chip_ixp1200
 .rodata        0x00000304       0x38 C:/ide-4.6-workspace/bsp-TI-omap3530-src/src/hardware/startup/lib/arm/a.le\libstartup.a(armv_chip_23xx.o)
                0x00000304                armv_chip_ixp23xx
 .rodata        0x0000033c       0x38 C:/ide-4.6-workspace/bsp-TI-omap3530-src/src/hardware/startup/lib/arm/a.le\libstartup.a(armv_chip_2400.o)
                0x0000033c                armv_chip_ixp2400
 .rodata        0x00000374       0x38 C:/ide-4.6-workspace/bsp-TI-omap3530-src/src/hardware/startup/lib/arm/a.le\libstartup.a(armv_chip_2800.o)
                0x00000374                armv_chip_ixp2800
 .rodata        0x000003ac       0x38 C:/ide-4.6-workspace/bsp-TI-omap3530-src/src/hardware/startup/lib/arm/a.le\libstartup.a(armv_chip_425.o)
                0x000003ac                armv_chip_ixp425
 .rodata        0x000003e4       0x38 C:/ide-4.6-workspace/bsp-TI-omap3530-src/src/hardware/startup/lib/arm/a.le\libstartup.a(armv_chip_465.o)
                0x000003e4                armv_chip_ixp465
 .rodata        0x0000041c       0x38 C:/ide-4.6-workspace/bsp-TI-omap3530-src/src/hardware/startup/lib/arm/a.le\libstartup.a(armv_chip_720.o)
                0x0000041c                armv_chip_720
 .rodata        0x00000454       0x38 C:/ide-4.6-workspace/bsp-TI-omap3530-src/src/hardware/startup/lib/arm/a.le\libstartup.a(armv_chip_80200.o)
                0x00000454                armv_chip_80200
 .rodata        0x0000048c       0x38 C:/ide-4.6-workspace/bsp-TI-omap3530-src/src/hardware/startup/lib/arm/a.le\libstartup.a(armv_chip_920.o)
                0x0000048c                armv_chip_920
 .rodata        0x000004c4       0x38 C:/ide-4.6-workspace/bsp-TI-omap3530-src/src/hardware/startup/lib/arm/a.le\libstartup.a(armv_chip_922.o)
                0x000004c4                armv_chip_922
 .rodata        0x000004fc       0x38 C:/ide-4.6-workspace/bsp-TI-omap3530-src/src/hardware/startup/lib/arm/a.le\libstartup.a(armv_chip_925.o)
                0x000004fc                armv_chip_925
 .rodata        0x00000534       0x38 C:/ide-4.6-workspace/bsp-TI-omap3530-src/src/hardware/startup/lib/arm/a.le\libstartup.a(armv_chip_926.o)
                0x00000534                armv_chip_926
 .rodata        0x0000056c       0x38 C:/ide-4.6-workspace/bsp-TI-omap3530-src/src/hardware/startup/lib/arm/a.le\libstartup.a(armv_chip_a8.o)
                0x0000056c                armv_chip_a8
 .rodata        0x000005a4       0x38 C:/ide-4.6-workspace/bsp-TI-omap3530-src/src/hardware/startup/lib/arm/a.le\libstartup.a(armv_chip_mp11.o)
                0x000005a4                armv_chip_mp11
 .rodata        0x000005dc       0x38 C:/ide-4.6-workspace/bsp-TI-omap3530-src/src/hardware/startup/lib/arm/a.le\libstartup.a(armv_chip_pxa210b.o)
                0x000005dc                armv_chip_pxa210b
 .rodata        0x00000614       0x38 C:/ide-4.6-workspace/bsp-TI-omap3530-src/src/hardware/startup/lib/arm/a.le\libstartup.a(armv_chip_pxa210c.o)
                0x00000614                armv_chip_pxa210c
 .rodata        0x0000064c       0x38 C:/ide-4.6-workspace/bsp-TI-omap3530-src/src/hardware/startup/lib/arm/a.le\libstartup.a(armv_chip_pxa250a.o)
                0x0000064c                armv_chip_pxa250a
 .rodata        0x00000684       0x38 C:/ide-4.6-workspace/bsp-TI-omap3530-src/src/hardware/startup/lib/arm/a.le\libstartup.a(armv_chip_pxa250b.o)
                0x00000684                armv_chip_pxa250b
 .rodata        0x000006bc       0x38 C:/ide-4.6-workspace/bsp-TI-omap3530-src/src/hardware/startup/lib/arm/a.le\libstartup.a(armv_chip_pxa255.o)
                0x000006bc                armv_chip_pxa255
 .rodata        0x000006f4       0x38 C:/ide-4.6-workspace/bsp-TI-omap3530-src/src/hardware/startup/lib/arm/a.le\libstartup.a(armv_chip_pxa270.o)
                0x000006f4                armv_chip_pxa270
 .rodata        0x0000072c       0x38 C:/ide-4.6-workspace/bsp-TI-omap3530-src/src/hardware/startup/lib/arm/a.le\libstartup.a(armv_chip_sa1100.o)
                0x0000072c                armv_chip_sa1100
 .rodata        0x00000764       0x38 C:/ide-4.6-workspace/bsp-TI-omap3530-src/src/hardware/startup/lib/arm/a.le\libstartup.a(armv_chip_sa1110.o)
                0x00000764                armv_chip_sa1110
 .rodata        0x0000079c       0x18 C:/ide-4.6-workspace/bsp-TI-omap3530-src/src/hardware/startup/lib/arm/a.le\libstartup.a(armv_pte_ixp2xxx.o)
                0x0000079c                armv_pte_ixp2xxx
 .rodata        0x000007b4       0x18 C:/ide-4.6-workspace/bsp-TI-omap3530-src/src/hardware/startup/lib/arm/a.le\libstartup.a(armv_pte_v4wb.o)
                0x000007b4                armv_pte_v4wb
 .rodata        0x000007cc       0x18 C:/ide-4.6-workspace/bsp-TI-omap3530-src/src/hardware/startup/lib/arm/a.le\libstartup.a(armv_pte_v4wt.o)
                0x000007cc                armv_pte_v4wt
 .rodata        0x000007e4       0x18 C:/ide-4.6-workspace/bsp-TI-omap3530-src/src/hardware/startup/lib/arm/a.le\libstartup.a(armv_pte_v5wa.o)
                0x000007e4                armv_pte_v5wa
 .rodata        0x000007fc       0x18 C:/ide-4.6-workspace/bsp-TI-omap3530-src/src/hardware/startup/lib/arm/a.le\libstartup.a(armv_pte_v5wb.o)
                0x000007fc                armv_pte_v5wb
 .rodata        0x00000814       0x18 C:/ide-4.6-workspace/bsp-TI-omap3530-src/src/hardware/startup/lib/arm/a.le\libstartup.a(armv_pte_v5wt.o)
                0x00000814                armv_pte_v5wt
 .rodata        0x0000082c       0x18 C:/ide-4.6-workspace/bsp-TI-omap3530-src/src/hardware/startup/lib/arm/a.le\libstartup.a(armv_pte_v6mp.o)
                0x0000082c                armv_pte_v6mp
 .rodata        0x00000844       0x18 C:/ide-4.6-workspace/bsp-TI-omap3530-src/src/hardware/startup/lib/arm/a.le\libstartup.a(armv_pte_v6wb.o)
                0x00000844                armv_pte_v6wb
 .rodata        0x0000085c       0x18 C:/ide-4.6-workspace/bsp-TI-omap3530-src/src/hardware/startup/lib/arm/a.le\libstartup.a(armv_pte_v7wb.o)
                0x0000085c                armv_pte_v7wb
 .rodata        0x00000874       0x18 C:/ide-4.6-workspace/bsp-TI-omap3530-src/src/hardware/startup/lib/arm/a.le\libstartup.a(armv_pte_xsc3.o)
                0x00000874                armv_pte_xsc3
 .rodata        0x0000088c       0x10 C:/ide-4.6-workspace/bsp-TI-omap3530-src/src/hardware/startup/lib/arm/a.le\libstartup.a(armv_cache_1020.o)
                0x0000088c                armv_cache_1020
 .rodata        0x0000089c       0x10 C:/ide-4.6-workspace/bsp-TI-omap3530-src/src/hardware/startup/lib/arm/a.le\libstartup.a(armv_cache_1136.o)
                0x0000089c                armv_cache_1136
 .rodata        0x000008ac       0x1c C:/ide-4.6-workspace/bsp-TI-omap3530-src/src/hardware/startup/lib/arm/a.le\libstartup.a(armv_cache_720.o)
                0x000008ac                armv_cache_720
 .rodata        0x000008c8       0x10 C:/ide-4.6-workspace/bsp-TI-omap3530-src/src/hardware/startup/lib/arm/a.le\libstartup.a(armv_cache_920.o)
                0x000008c8                armv_cache_920
 .rodata        0x000008d8       0x10 C:/ide-4.6-workspace/bsp-TI-omap3530-src/src/hardware/startup/lib/arm/a.le\libstartup.a(armv_cache_925.o)
                0x000008d8                armv_cache_925
 .rodata        0x000008e8       0x10 C:/ide-4.6-workspace/bsp-TI-omap3530-src/src/hardware/startup/lib/arm/a.le\libstartup.a(armv_cache_926.o)
                0x000008e8                armv_cache_926
 .rodata        0x000008f8       0x10 C:/ide-4.6-workspace/bsp-TI-omap3530-src/src/hardware/startup/lib/arm/a.le\libstartup.a(armv_cache_a8.o)
                0x000008f8                armv_cache_a8
 .rodata        0x00000908       0x10 C:/ide-4.6-workspace/bsp-TI-omap3530-src/src/hardware/startup/lib/arm/a.le\libstartup.a(armv_cache_mp11.o)
                0x00000908                armv_cache_mp11
 .rodata        0x00000918       0x28 C:/ide-4.6-workspace/bsp-TI-omap3530-src/src/hardware/startup/lib/arm/a.le\libstartup.a(armv_cache_sa1100.o)
                0x00000924                sa1100_icache_config
                0x00000930                armv_cache_sa1100
                0x00000918                sa1100_dcache_config
 .rodata        0x00000940       0x10 C:/ide-4.6-workspace/bsp-TI-omap3530-src/src/hardware/startup/lib/arm/a.le\libstartup.a(armv_cache_xsc3.o)
                0x00000940                armv_cache_xsc3
 .rodata        0x00000950       0x10 C:/ide-4.6-workspace/bsp-TI-omap3530-src/src/hardware/startup/lib/arm/a.le\libstartup.a(armv_cache_xscale.o)
                0x00000950                armv_cache_xscale
 .rodata        0x00000960      0x100 C:/QNX641/host/win32/x86/usr/lib/gcc/arm-unknown-nto-qnx6.4.0/4.3.3//libgcc.a(_clz.o)
                0x00000960                __clz_tab

.rodata.str1.4  0x00000000     0x1298
 .rodata.str1.4
                0x00000000       0x10 armv_setup_v7.o
 .rodata.str1.4
                0x00000010        0x8 init_asinfo.o
 .rodata.str1.4
                0x00000018       0x84 init_hwinfo.o
 .rodata.str1.4
                0x0000009c       0x6c main.o
 .rodata.str1.4
                0x00000108        0x8 C:/ide-4.6-workspace/bsp-TI-omap3530-src/src/hardware/startup/lib/arm/a.le\libstartup.a(_main.o)
 .rodata.str1.4
                0x00000110        0x4 C:/ide-4.6-workspace/bsp-TI-omap3530-src/src/hardware/startup/lib/arm/a.le\libstartup.a(as_add64.o)
 .rodata.str1.4
                0x00000114       0x30 C:/ide-4.6-workspace/bsp-TI-omap3530-src/src/hardware/startup/lib/arm/a.le\libstartup.a(callouts.o)
 .rodata.str1.4
                0x00000144        0x4 C:/ide-4.6-workspace/bsp-TI-omap3530-src/src/hardware/startup/lib/arm/a.le\libstartup.a(common_options.o)
 .rodata.str1.4
                0x00000148        0x4 C:/ide-4.6-workspace/bsp-TI-omap3530-src/src/hardware/startup/lib/arm/a.le\libstartup.a(debug.o)
 .rodata.str1.4
                0x0000014c       0x14 C:/ide-4.6-workspace/bsp-TI-omap3530-src/src/hardware/startup/lib/arm/a.le\libstartup.a(hw_rtc_none.o)
 .rodata.str1.4
                0x00000160       0x18 C:/ide-4.6-workspace/bsp-TI-omap3530-src/src/hardware/startup/lib/arm/a.le\libstartup.a(hwi_add_device.o)
 .rodata.str1.4
                0x00000178        0x4 C:/ide-4.6-workspace/bsp-TI-omap3530-src/src/hardware/startup/lib/arm/a.le\libstartup.a(hwi_alloc.o)
 .rodata.str1.4
                0x0000017c        0xc C:/ide-4.6-workspace/bsp-TI-omap3530-src/src/hardware/startup/lib/arm/a.le\libstartup.a(hwi_find_as.o)
 .rodata.str1.4
                0x00000188        0xc C:/ide-4.6-workspace/bsp-TI-omap3530-src/src/hardware/startup/lib/arm/a.le\libstartup.a(hwitag_add_location.o)
 .rodata.str1.4
                0x00000194       0x30 C:/ide-4.6-workspace/bsp-TI-omap3530-src/src/hardware/startup/lib/arm/a.le\libstartup.a(init_cpuinfo.o)
 .rodata.str1.4
                0x000001c4       0x54 C:/ide-4.6-workspace/bsp-TI-omap3530-src/src/hardware/startup/lib/arm/a.le\libstartup.a(init_mmu.o)
 .rodata.str1.4
                0x00000218      0x154 C:/ide-4.6-workspace/bsp-TI-omap3530-src/src/hardware/startup/lib/arm/a.le\libstartup.a(init_system_private.o)
 .rodata.str1.4
                0x0000036c       0x4c C:/ide-4.6-workspace/bsp-TI-omap3530-src/src/hardware/startup/lib/arm/a.le\libstartup.a(load_ifs.o)
 .rodata.str1.4
                0x000003b8      0x55c C:/ide-4.6-workspace/bsp-TI-omap3530-src/src/hardware/startup/lib/arm/a.le\libstartup.a(print_sysp.o)
 .rodata.str1.4
                0x00000914       0xac C:/ide-4.6-workspace/bsp-TI-omap3530-src/src/hardware/startup/lib/arm/a.le\libstartup.a(ram.o)
 .rodata.str1.4
                0x000009c0      0x4b4 C:/ide-4.6-workspace/bsp-TI-omap3530-src/src/hardware/startup/lib/arm/a.le\libstartup.a(restore_ifs.o)
 .rodata.str1.4
                0x00000e74       0x68 C:/ide-4.6-workspace/bsp-TI-omap3530-src/src/hardware/startup/lib/arm/a.le\libstartup.a(startnext.o)
 .rodata.str1.4
                0x00000edc       0x3c C:/ide-4.6-workspace/bsp-TI-omap3530-src/src/hardware/startup/lib/arm/a.le\libstartup.a(syspage_memory.o)
 .rodata.str1.4
                0x00000f18       0x20 C:/ide-4.6-workspace/bsp-TI-omap3530-src/src/hardware/startup/lib/arm/a.le\libstartup.a(uncompress.o)
 .rodata.str1.4
                0x00000f38        0x8 C:/ide-4.6-workspace/bsp-TI-omap3530-src/src/hardware/startup/lib/arm/a.le\libstartup.a(uncompress_ucl.o)
 .rodata.str1.4
                0x00000f40       0xec C:/ide-4.6-workspace/bsp-TI-omap3530-src/src/hardware/startup/lib/arm/a.le\libstartup.a(arm_cache.o)
 .rodata.str1.4
                0x0000102c       0x34 C:/ide-4.6-workspace/bsp-TI-omap3530-src/src/hardware/startup/lib/arm/a.le\libstartup.a(arm_cpuspeed.o)
 .rodata.str1.4
                0x00001060       0x30 C:/ide-4.6-workspace/bsp-TI-omap3530-src/src/hardware/startup/lib/arm/a.le\libstartup.a(arm_pte.o)
 .rodata.str1.4
                0x00001090        0x8 C:/ide-4.6-workspace/bsp-TI-omap3530-src/src/hardware/startup/lib/arm/a.le\libstartup.a(as_default.o)
 .rodata.str1.4
                0x00001098       0x18 C:/ide-4.6-workspace/bsp-TI-omap3530-src/src/hardware/startup/lib/arm/a.le\libstartup.a(as_find.o)
 .rodata.str1.4
                0x000010b0       0x1c C:/ide-4.6-workspace/bsp-TI-omap3530-src/src/hardware/startup/lib/arm/a.le\libstartup.a(cpu_startnext.o)
 .rodata.str1.4
                0x000010cc       0x34 C:/ide-4.6-workspace/bsp-TI-omap3530-src/src/hardware/startup/lib/arm/a.le\libstartup.a(cpu_syspage_memory.o)
 .rodata.str1.4
                0x00001100        0x8 C:/ide-4.6-workspace/bsp-TI-omap3530-src/src/hardware/startup/lib/arm/a.le\libstartup.a(elf.o)
 .rodata.str1.4
                0x00001108       0x70 C:/ide-4.6-workspace/bsp-TI-omap3530-src/src/hardware/startup/lib/arm/a.le\libstartup.a(elf_map.o)
 .rodata.str1.4
                0x00001178       0x18 C:/ide-4.6-workspace/bsp-TI-omap3530-src/src/hardware/startup/lib/arm/a.le\libstartup.a(hwi_default.o)
 .rodata.str1.4
                0x00001190        0x8 C:/ide-4.6-workspace/bsp-TI-omap3530-src/src/hardware/startup/lib/arm/a.le\libstartup.a(armv_chip_1020.o)
 .rodata.str1.4
                0x00001198        0x8 C:/ide-4.6-workspace/bsp-TI-omap3530-src/src/hardware/startup/lib/arm/a.le\libstartup.a(armv_chip_1022.o)
 .rodata.str1.4
                0x000011a0        0x8 C:/ide-4.6-workspace/bsp-TI-omap3530-src/src/hardware/startup/lib/arm/a.le\libstartup.a(armv_chip_1136.o)
 .rodata.str1.4
                0x000011a8        0x8 C:/ide-4.6-workspace/bsp-TI-omap3530-src/src/hardware/startup/lib/arm/a.le\libstartup.a(armv_chip_1176.o)
 .rodata.str1.4
                0x000011b0        0x8 C:/ide-4.6-workspace/bsp-TI-omap3530-src/src/hardware/startup/lib/arm/a.le\libstartup.a(armv_chip_1200.o)
 .rodata.str1.4
                0x000011b8        0x8 C:/ide-4.6-workspace/bsp-TI-omap3530-src/src/hardware/startup/lib/arm/a.le\libstartup.a(armv_chip_23xx.o)
 .rodata.str1.4
                0x000011c0        0x8 C:/ide-4.6-workspace/bsp-TI-omap3530-src/src/hardware/startup/lib/arm/a.le\libstartup.a(armv_chip_2400.o)
 .rodata.str1.4
                0x000011c8        0x8 C:/ide-4.6-workspace/bsp-TI-omap3530-src/src/hardware/startup/lib/arm/a.le\libstartup.a(armv_chip_2800.o)
 .rodata.str1.4
                0x000011d0        0x8 C:/ide-4.6-workspace/bsp-TI-omap3530-src/src/hardware/startup/lib/arm/a.le\libstartup.a(armv_chip_425.o)
 .rodata.str1.4
                0x000011d8        0x8 C:/ide-4.6-workspace/bsp-TI-omap3530-src/src/hardware/startup/lib/arm/a.le\libstartup.a(armv_chip_465.o)
 .rodata.str1.4
                0x000011e0        0x8 C:/ide-4.6-workspace/bsp-TI-omap3530-src/src/hardware/startup/lib/arm/a.le\libstartup.a(armv_chip_720.o)
 .rodata.str1.4
                0x000011e8        0x8 C:/ide-4.6-workspace/bsp-TI-omap3530-src/src/hardware/startup/lib/arm/a.le\libstartup.a(armv_chip_80200.o)
 .rodata.str1.4
                0x000011f0        0x8 C:/ide-4.6-workspace/bsp-TI-omap3530-src/src/hardware/startup/lib/arm/a.le\libstartup.a(armv_chip_920.o)
 .rodata.str1.4
                0x000011f8        0x8 C:/ide-4.6-workspace/bsp-TI-omap3530-src/src/hardware/startup/lib/arm/a.le\libstartup.a(armv_chip_922.o)
 .rodata.str1.4
                0x00001200        0x8 C:/ide-4.6-workspace/bsp-TI-omap3530-src/src/hardware/startup/lib/arm/a.le\libstartup.a(armv_chip_925.o)
 .rodata.str1.4
                0x00001208        0x8 C:/ide-4.6-workspace/bsp-TI-omap3530-src/src/hardware/startup/lib/arm/a.le\libstartup.a(armv_chip_926.o)
 .rodata.str1.4
                0x00001210        0xc C:/ide-4.6-workspace/bsp-TI-omap3530-src/src/hardware/startup/lib/arm/a.le\libstartup.a(armv_chip_a8.o)
 .rodata.str1.4
                0x0000121c       0x10 C:/ide-4.6-workspace/bsp-TI-omap3530-src/src/hardware/startup/lib/arm/a.le\libstartup.a(armv_chip_mp11.o)
 .rodata.str1.4
                0x0000122c        0x8 C:/ide-4.6-workspace/bsp-TI-omap3530-src/src/hardware/startup/lib/arm/a.le\libstartup.a(armv_chip_pxa210b.o)
 .rodata.str1.4
                0x00001234        0x8 C:/ide-4.6-workspace/bsp-TI-omap3530-src/src/hardware/startup/lib/arm/a.le\libstartup.a(armv_chip_pxa210c.o)
 .rodata.str1.4
                0x0000123c        0x8 C:/ide-4.6-workspace/bsp-TI-omap3530-src/src/hardware/startup/lib/arm/a.le\libstartup.a(armv_chip_pxa250a.o)
 .rodata.str1.4
                0x00001244        0x8 C:/ide-4.6-workspace/bsp-TI-omap3530-src/src/hardware/startup/lib/arm/a.le\libstartup.a(armv_chip_pxa250b.o)
 .rodata.str1.4
                0x0000124c        0x8 C:/ide-4.6-workspace/bsp-TI-omap3530-src/src/hardware/startup/lib/arm/a.le\libstartup.a(armv_chip_pxa255.o)
 .rodata.str1.4
                0x00001254        0x8 C:/ide-4.6-workspace/bsp-TI-omap3530-src/src/hardware/startup/lib/arm/a.le\libstartup.a(armv_chip_pxa270.o)
 .rodata.str1.4
                0x0000125c        0x8 C:/ide-4.6-workspace/bsp-TI-omap3530-src/src/hardware/startup/lib/arm/a.le\libstartup.a(armv_chip_sa1100.o)
 .rodata.str1.4
                0x00001264        0x8 C:/ide-4.6-workspace/bsp-TI-omap3530-src/src/hardware/startup/lib/arm/a.le\libstartup.a(armv_chip_sa1110.o)
 .rodata.str1.4
                0x0000126c       0x1c C:/ide-4.6-workspace/bsp-TI-omap3530-src/src/hardware/startup/lib/arm/a.le\libstartup.a(armv_setup_mp11.o)
 .rodata.str1.4
                0x00001288       0x10 C:/ide-4.6-workspace/bsp-TI-omap3530-src/src/hardware/startup/lib/arm/a.le\libstartup.a(armv_setup_v6.o)

.rodata1
 *(.rodata1)

.eh_frame_hdr
 *(.eh_frame_hdr)

.eh_frame
 *(.eh_frame)

.gcc_except_table
 *(.gcc_except_table .gcc_except_table.*)

.eh_frame
 *(.eh_frame)

.gcc_except_table
 *(.gcc_except_table .gcc_except_table.*)

.tdata
 *(.tdata)

.tbss
 *(.tbss)

.preinit_array
 *(.preinit_array)

.init_array
 *(SORT(.init_array.*))
 *(.init_array)

.fini_array
 *(.fini_array)
 *(SORT(.fini_array.*))

.jcr
 *(.jcr)

.dynamic
 *(.dynamic)

.got
 *(.got.plt)
 *(.got)

.data           0x00000000     0x4e24
 *(.data)
 .data          0x00000000     0x4000 arm_board_ttb.o
                0x00000000                _arm_board_ttb
 .data          0x00004000       0x98 armv7_cache.o
                0x00004000                _armv7_flush_whole_dcache
 .data          0x00004098        0x0 armv_setup_v7.o
 .data          0x00004098        0x0 callout_interrupt_omap3530_sdma.o
 .data          0x00004098        0x0 callout_reboot_omap3530.o
 .data          0x00004098        0x0 callout_timer_omap3530.o
 .data          0x00004098      0xc08 cstart.o
                0x00004ca0                stack
                0x00004098                boot_args
 .data          0x00004ca0        0x0 init_asinfo.o
 .data          0x00004ca0        0x0 init_hwinfo.o
 .data          0x00004ca0       0x1c init_intrinfo.o
 .data          0x00004cbc        0x0 init_pinmux.o
 .data          0x00004cbc        0x0 init_qtime_omap3530.o
 .data          0x00004cbc        0x0 init_raminfo.o
 .data          0x00004cbc        0x0 main.o
 .data          0x00004cbc        0x0 rtc_time.o
 .data          0x00004cbc       0x1c C:/ide-4.6-workspace/bsp-TI-omap3530-src/src/hardware/startup/lib/arm/a.le\libstartup.a(_main.o)
                0x00004cc8                system_dcache_idx
                0x00004cc0                max_cpus
                0x00004cd0                mdriver_check
                0x00004cd4                mdriver_hook
                0x00004cc4                system_icache_idx
                0x00004cbc                paddr_bits
                0x00004ccc                smp_hook_rtn
 .data          0x00004cd8        0x0 C:/ide-4.6-workspace/bsp-TI-omap3530-src/src/hardware/startup/lib/arm/a.le\libstartup.a(add_interrupt.o)
 .data          0x00004cd8        0x0 C:/ide-4.6-workspace/bsp-TI-omap3530-src/src/hardware/startup/lib/arm/a.le\libstartup.a(alloc_qtime.o)
 .data          0x00004cd8        0x0 C:/ide-4.6-workspace/bsp-TI-omap3530-src/src/hardware/startup/lib/arm/a.le\libstartup.a(as_add.o)
 .data          0x00004cd8        0x0 C:/ide-4.6-workspace/bsp-TI-omap3530-src/src/hardware/startup/lib/arm/a.le\libstartup.a(as_add64.o)
 .data          0x00004cd8        0x0 C:/ide-4.6-workspace/bsp-TI-omap3530-src/src/hardware/startup/lib/arm/a.le\libstartup.a(board_init.o)
 .data          0x00004cd8        0x0 C:/ide-4.6-workspace/bsp-TI-omap3530-src/src/hardware/startup/lib/arm/a.le\libstartup.a(callout_debug_8250.o)
 .data          0x00004cd8        0x0 C:/ide-4.6-workspace/bsp-TI-omap3530-src/src/hardware/startup/lib/arm/a.le\libstartup.a(callout_interrupt_omap2420.o)
 .data          0x00004cd8        0x0 C:/ide-4.6-workspace/bsp-TI-omap3530-src/src/hardware/startup/lib/arm/a.le\libstartup.a(callout_interrupt_omap2420_gpio.o)
 .data          0x00004cd8        0x4 C:/ide-4.6-workspace/bsp-TI-omap3530-src/src/hardware/startup/lib/arm/a.le\libstartup.a(callouts.o)
                0x00004cd8                callout_output_rtn
 .data          0x00004cdc        0x0 C:/ide-4.6-workspace/bsp-TI-omap3530-src/src/hardware/startup/lib/arm/a.le\libstartup.a(common_options.o)
 .data          0x00004cdc        0x0 C:/ide-4.6-workspace/bsp-TI-omap3530-src/src/hardware/startup/lib/arm/a.le\libstartup.a(cpu_common_options.o)
 .data          0x00004cdc        0x0 C:/ide-4.6-workspace/bsp-TI-omap3530-src/src/hardware/startup/lib/arm/a.le\libstartup.a(cpu_startup.o)
 .data          0x00004cdc        0x0 C:/ide-4.6-workspace/bsp-TI-omap3530-src/src/hardware/startup/lib/arm/a.le\libstartup.a(debug.o)
 .data          0x00004cdc        0x0 C:/ide-4.6-workspace/bsp-TI-omap3530-src/src/hardware/startup/lib/arm/a.le\libstartup.a(getopt.o)
 .data          0x00004cdc        0x0 C:/ide-4.6-workspace/bsp-TI-omap3530-src/src/hardware/startup/lib/arm/a.le\libstartup.a(getsize.o)
 .data          0x00004cdc        0x0 C:/ide-4.6-workspace/bsp-TI-omap3530-src/src/hardware/startup/lib/arm/a.le\libstartup.a(hw_rtc_none.o)
 .data          0x00004cdc        0x0 C:/ide-4.6-workspace/bsp-TI-omap3530-src/src/hardware/startup/lib/arm/a.le\libstartup.a(hw_seromap.o)
 .data          0x00004cdc        0x0 C:/ide-4.6-workspace/bsp-TI-omap3530-src/src/hardware/startup/lib/arm/a.le\libstartup.a(hwi_add_device.o)
 .data          0x00004cdc        0x0 C:/ide-4.6-workspace/bsp-TI-omap3530-src/src/hardware/startup/lib/arm/a.le\libstartup.a(hwi_add_location.o)
 .data          0x00004cdc        0x0 C:/ide-4.6-workspace/bsp-TI-omap3530-src/src/hardware/startup/lib/arm/a.le\libstartup.a(hwi_alloc.o)
 .data          0x00004cdc        0x0 C:/ide-4.6-workspace/bsp-TI-omap3530-src/src/hardware/startup/lib/arm/a.le\libstartup.a(hwi_find_as.o)
 .data          0x00004cdc        0x0 C:/ide-4.6-workspace/bsp-TI-omap3530-src/src/hardware/startup/lib/arm/a.le\libstartup.a(hwitag_add_location.o)
 .data          0x00004cdc        0x0 C:/ide-4.6-workspace/bsp-TI-omap3530-src/src/hardware/startup/lib/arm/a.le\libstartup.a(init_cacheattr.o)
 .data          0x00004cdc        0x0 C:/ide-4.6-workspace/bsp-TI-omap3530-src/src/hardware/startup/lib/arm/a.le\libstartup.a(init_cpuinfo.o)
 .data          0x00004cdc        0x0 C:/ide-4.6-workspace/bsp-TI-omap3530-src/src/hardware/startup/lib/arm/a.le\libstartup.a(init_mmu.o)
 .data          0x00004cdc        0x0 C:/ide-4.6-workspace/bsp-TI-omap3530-src/src/hardware/startup/lib/arm/a.le\libstartup.a(init_system_private.o)
 .data          0x00004cdc        0x4 C:/ide-4.6-workspace/bsp-TI-omap3530-src/src/hardware/startup/lib/arm/a.le\libstartup.a(jtag.o)
 .data          0x00004ce0        0x4 C:/ide-4.6-workspace/bsp-TI-omap3530-src/src/hardware/startup/lib/arm/a.le\libstartup.a(kprintf.o)
 .data          0x00004ce4        0x0 C:/ide-4.6-workspace/bsp-TI-omap3530-src/src/hardware/startup/lib/arm/a.le\libstartup.a(load_ifs.o)
 .data          0x00004ce4        0x0 C:/ide-4.6-workspace/bsp-TI-omap3530-src/src/hardware/startup/lib/arm/a.le\libstartup.a(map_callout_io.o)
 .data          0x00004ce4        0x0 C:/ide-4.6-workspace/bsp-TI-omap3530-src/src/hardware/startup/lib/arm/a.le\libstartup.a(map_startup_io.o)
 .data          0x00004ce4        0x0 C:/ide-4.6-workspace/bsp-TI-omap3530-src/src/hardware/startup/lib/arm/a.le\libstartup.a(map_startup_mem.o)
 .data          0x00004ce4        0x0 C:/ide-4.6-workspace/bsp-TI-omap3530-src/src/hardware/startup/lib/arm/a.le\libstartup.a(memfuncs.o)
 .data          0x00004ce4        0x0 C:/ide-4.6-workspace/bsp-TI-omap3530-src/src/hardware/startup/lib/arm/a.le\libstartup.a(memmove.o)
 .data          0x00004ce4       0xc0 C:/ide-4.6-workspace/bsp-TI-omap3530-src/src/hardware/startup/lib/arm/a.le\libstartup.a(print_sysp.o)
 .data          0x00004da4        0x4 C:/ide-4.6-workspace/bsp-TI-omap3530-src/src/hardware/startup/lib/arm/a.le\libstartup.a(ram.o)
 .data          0x00004da8        0x4 C:/ide-4.6-workspace/bsp-TI-omap3530-src/src/hardware/startup/lib/arm/a.le\libstartup.a(restore_ifs.o)
                0x00004da8                mdriver_cksum_max
 .data          0x00004dac        0x0 C:/ide-4.6-workspace/bsp-TI-omap3530-src/src/hardware/startup/lib/arm/a.le\libstartup.a(startnext.o)
 .data          0x00004dac        0x0 C:/ide-4.6-workspace/bsp-TI-omap3530-src/src/hardware/startup/lib/arm/a.le\libstartup.a(startup_info.o)
 .data          0x00004dac        0x0 C:/ide-4.6-workspace/bsp-TI-omap3530-src/src/hardware/startup/lib/arm/a.le\libstartup.a(strings.o)
 .data          0x00004dac        0x0 C:/ide-4.6-workspace/bsp-TI-omap3530-src/src/hardware/startup/lib/arm/a.le\libstartup.a(strtoul.o)
 .data          0x00004dac        0x0 C:/ide-4.6-workspace/bsp-TI-omap3530-src/src/hardware/startup/lib/arm/a.le\libstartup.a(syspage_memory.o)
 .data          0x00004dac        0x0 C:/ide-4.6-workspace/bsp-TI-omap3530-src/src/hardware/startup/lib/arm/a.le\libstartup.a(tweak_cmdline.o)
 .data          0x00004dac        0x0 C:/ide-4.6-workspace/bsp-TI-omap3530-src/src/hardware/startup/lib/arm/a.le\libstartup.a(uncompress.o)
 .data          0x00004dac        0x0 C:/ide-4.6-workspace/bsp-TI-omap3530-src/src/hardware/startup/lib/arm/a.le\libstartup.a(uncompress_ucl.o)
 .data          0x00004dac        0x0 C:/ide-4.6-workspace/bsp-TI-omap3530-src/src/hardware/startup/lib/arm/a.le\libstartup.a(arm_cache.o)
 .data          0x00004dac        0x0 C:/ide-4.6-workspace/bsp-TI-omap3530-src/src/hardware/startup/lib/arm/a.le\libstartup.a(arm_cpuspeed.o)
 .data          0x00004dac        0x4 C:/ide-4.6-workspace/bsp-TI-omap3530-src/src/hardware/startup/lib/arm/a.le\libstartup.a(arm_map.o)
 .data          0x00004db0        0x0 C:/ide-4.6-workspace/bsp-TI-omap3530-src/src/hardware/startup/lib/arm/a.le\libstartup.a(arm_pte.o)
 .data          0x00004db0        0x0 C:/ide-4.6-workspace/bsp-TI-omap3530-src/src/hardware/startup/lib/arm/a.le\libstartup.a(armv_chip_detect.o)
 .data          0x00004db0       0x6c C:/ide-4.6-workspace/bsp-TI-omap3530-src/src/hardware/startup/lib/arm/a.le\libstartup.a(armv_list.o)
                0x00004db0                armv_list
 .data          0x00004e1c        0x0 C:/ide-4.6-workspace/bsp-TI-omap3530-src/src/hardware/startup/lib/arm/a.le\libstartup.a(as_add_containing.o)
 .data          0x00004e1c        0x0 C:/ide-4.6-workspace/bsp-TI-omap3530-src/src/hardware/startup/lib/arm/a.le\libstartup.a(as_default.o)
 .data          0x00004e1c        0x0 C:/ide-4.6-workspace/bsp-TI-omap3530-src/src/hardware/startup/lib/arm/a.le\libstartup.a(as_find.o)
 .data          0x00004e1c        0x0 C:/ide-4.6-workspace/bsp-TI-omap3530-src/src/hardware/startup/lib/arm/a.le\libstartup.a(as_find_containing.o)
 .data          0x00004e1c        0x0 C:/ide-4.6-workspace/bsp-TI-omap3530-src/src/hardware/startup/lib/arm/a.le\libstartup.a(as_off2info.o)
 .data          0x00004e1c        0x0 C:/ide-4.6-workspace/bsp-TI-omap3530-src/src/hardware/startup/lib/arm/a.le\libstartup.a(chip_access.o)
 .data          0x00004e1c        0x0 C:/ide-4.6-workspace/bsp-TI-omap3530-src/src/hardware/startup/lib/arm/a.le\libstartup.a(cpu_startnext.o)
 .data          0x00004e1c        0x0 C:/ide-4.6-workspace/bsp-TI-omap3530-src/src/hardware/startup/lib/arm/a.le\libstartup.a(cpu_syspage_memory.o)
 .data          0x00004e1c        0x0 C:/ide-4.6-workspace/bsp-TI-omap3530-src/src/hardware/startup/lib/arm/a.le\libstartup.a(crash_done.o)
 .data          0x00004e1c        0x0 C:/ide-4.6-workspace/bsp-TI-omap3530-src/src/hardware/startup/lib/arm/a.le\libstartup.a(dummy_print_char.o)
 .data          0x00004e1c        0x0 C:/ide-4.6-workspace/bsp-TI-omap3530-src/src/hardware/startup/lib/arm/a.le\libstartup.a(elf.o)
 .data          0x00004e1c        0x0 C:/ide-4.6-workspace/bsp-TI-omap3530-src/src/hardware/startup/lib/arm/a.le\libstartup.a(elf_map.o)
 .data          0x00004e1c        0x0 C:/ide-4.6-workspace/bsp-TI-omap3530-src/src/hardware/startup/lib/arm/a.le\libstartup.a(hwi_default.o)
 .data          0x00004e1c        0x4 C:/ide-4.6-workspace/bsp-TI-omap3530-src/src/hardware/startup/lib/arm/a.le\libstartup.a(mdriver_max.o)
                0x00004e1c                mdriver_max
 .data          0x00004e20        0x0 C:/ide-4.6-workspace/bsp-TI-omap3530-src/src/hardware/startup/lib/arm/a.le\libstartup.a(memcpy.o)
 .data          0x00004e20        0x0 C:/ide-4.6-workspace/bsp-TI-omap3530-src/src/hardware/startup/lib/arm/a.le\libstartup.a(timer_ns2tick.o)
 .data          0x00004e20        0x0 C:/ide-4.6-workspace/bsp-TI-omap3530-src/src/hardware/startup/lib/arm/a.le\libstartup.a(timer_tick2ns.o)
 .data          0x00004e20        0x0 C:/ide-4.6-workspace/bsp-TI-omap3530-src/src/hardware/startup/lib/arm/a.le\libstartup.a(add_cache.o)
 .data          0x00004e20        0x0 C:/ide-4.6-workspace/bsp-TI-omap3530-src/src/hardware/startup/lib/arm/a.le\libstartup.a(armv_chip_1020.o)
 .data          0x00004e20        0x0 C:/ide-4.6-workspace/bsp-TI-omap3530-src/src/hardware/startup/lib/arm/a.le\libstartup.a(armv_chip_1022.o)
 .data          0x00004e20        0x0 C:/ide-4.6-workspace/bsp-TI-omap3530-src/src/hardware/startup/lib/arm/a.le\libstartup.a(armv_chip_1136.o)
 .data          0x00004e20        0x0 C:/ide-4.6-workspace/bsp-TI-omap3530-src/src/hardware/startup/lib/arm/a.le\libstartup.a(armv_chip_1176.o)
 .data          0x00004e20        0x0 C:/ide-4.6-workspace/bsp-TI-omap3530-src/src/hardware/startup/lib/arm/a.le\libstartup.a(armv_chip_1200.o)
 .data          0x00004e20        0x0 C:/ide-4.6-workspace/bsp-TI-omap3530-src/src/hardware/startup/lib/arm/a.le\libstartup.a(armv_chip_23xx.o)
 .data          0x00004e20        0x0 C:/ide-4.6-workspace/bsp-TI-omap3530-src/src/hardware/startup/lib/arm/a.le\libstartup.a(armv_chip_2400.o)
 .data          0x00004e20        0x0 C:/ide-4.6-workspace/bsp-TI-omap3530-src/src/hardware/startup/lib/arm/a.le\libstartup.a(armv_chip_2800.o)
 .data          0x00004e20        0x0 C:/ide-4.6-workspace/bsp-TI-omap3530-src/src/hardware/startup/lib/arm/a.le\libstartup.a(armv_chip_425.o)
 .data          0x00004e20        0x0 C:/ide-4.6-workspace/bsp-TI-omap3530-src/src/hardware/startup/lib/arm/a.le\libstartup.a(armv_chip_465.o)
 .data          0x00004e20        0x0 C:/ide-4.6-workspace/bsp-TI-omap3530-src/src/hardware/startup/lib/arm/a.le\libstartup.a(armv_chip_720.o)
 .data          0x00004e20        0x0 C:/ide-4.6-workspace/bsp-TI-omap3530-src/src/hardware/startup/lib/arm/a.le\libstartup.a(armv_chip_80200.o)
 .data          0x00004e20        0x0 C:/ide-4.6-workspace/bsp-TI-omap3530-src/src/hardware/startup/lib/arm/a.le\libstartup.a(armv_chip_920.o)
 .data          0x00004e20        0x0 C:/ide-4.6-workspace/bsp-TI-omap3530-src/src/hardware/startup/lib/arm/a.le\libstartup.a(armv_chip_922.o)
 .data          0x00004e20        0x0 C:/ide-4.6-workspace/bsp-TI-omap3530-src/src/hardware/startup/lib/arm/a.le\libstartup.a(armv_chip_925.o)
 .data          0x00004e20        0x0 C:/ide-4.6-workspace/bsp-TI-omap3530-src/src/hardware/startup/lib/arm/a.le\libstartup.a(armv_chip_926.o)
 .data          0x00004e20        0x0 C:/ide-4.6-workspace/bsp-TI-omap3530-src/src/hardware/startup/lib/arm/a.le\libstartup.a(armv_chip_a8.o)
 .data          0x00004e20        0x0 C:/ide-4.6-workspace/bsp-TI-omap3530-src/src/hardware/startup/lib/arm/a.le\libstartup.a(armv_chip_mp11.o)
 .data          0x00004e20        0x0 C:/ide-4.6-workspace/bsp-TI-omap3530-src/src/hardware/startup/lib/arm/a.le\libstartup.a(armv_chip_pxa210b.o)
 .data          0x00004e20        0x0 C:/ide-4.6-workspace/bsp-TI-omap3530-src/src/hardware/startup/lib/arm/a.le\libstartup.a(armv_chip_pxa210c.o)
 .data          0x00004e20        0x0 C:/ide-4.6-workspace/bsp-TI-omap3530-src/src/hardware/startup/lib/arm/a.le\libstartup.a(armv_chip_pxa250a.o)
 .data          0x00004e20        0x0 C:/ide-4.6-workspace/bsp-TI-omap3530-src/src/hardware/startup/lib/arm/a.le\libstartup.a(armv_chip_pxa250b.o)
 .data          0x00004e20        0x0 C:/ide-4.6-workspace/bsp-TI-omap3530-src/src/hardware/startup/lib/arm/a.le\libstartup.a(armv_chip_pxa255.o)
 .data          0x00004e20        0x0 C:/ide-4.6-workspace/bsp-TI-omap3530-src/src/hardware/startup/lib/arm/a.le\libstartup.a(armv_chip_pxa270.o)
 .data          0x00004e20        0x0 C:/ide-4.6-workspace/bsp-TI-omap3530-src/src/hardware/startup/lib/arm/a.le\libstartup.a(armv_chip_sa1100.o)
 .data          0x00004e20        0x0 C:/ide-4.6-workspace/bsp-TI-omap3530-src/src/hardware/startup/lib/arm/a.le\libstartup.a(armv_chip_sa1110.o)
 .data          0x00004e20        0x0 C:/ide-4.6-workspace/bsp-TI-omap3530-src/src/hardware/startup/lib/arm/a.le\libstartup.a(armv_pte_ixp2xxx.o)
 .data          0x00004e20        0x0 C:/ide-4.6-workspace/bsp-TI-omap3530-src/src/hardware/startup/lib/arm/a.le\libstartup.a(armv_pte_v4wb.o)
 .data          0x00004e20        0x0 C:/ide-4.6-workspace/bsp-TI-omap3530-src/src/hardware/startup/lib/arm/a.le\libstartup.a(armv_pte_v4wt.o)
 .data          0x00004e20        0x0 C:/ide-4.6-workspace/bsp-TI-omap3530-src/src/hardware/startup/lib/arm/a.le\libstartup.a(armv_pte_v5wa.o)
 .data          0x00004e20        0x0 C:/ide-4.6-workspace/bsp-TI-omap3530-src/src/hardware/startup/lib/arm/a.le\libstartup.a(armv_pte_v5wb.o)
 .data          0x00004e20        0x0 C:/ide-4.6-workspace/bsp-TI-omap3530-src/src/hardware/startup/lib/arm/a.le\libstartup.a(armv_pte_v5wt.o)
 .data          0x00004e20        0x0 C:/ide-4.6-workspace/bsp-TI-omap3530-src/src/hardware/startup/lib/arm/a.le\libstartup.a(armv_pte_v6mp.o)
 .data          0x00004e20        0x0 C:/ide-4.6-workspace/bsp-TI-omap3530-src/src/hardware/startup/lib/arm/a.le\libstartup.a(armv_pte_v6wb.o)
 .data          0x00004e20        0x0 C:/ide-4.6-workspace/bsp-TI-omap3530-src/src/hardware/startup/lib/arm/a.le\libstartup.a(armv_pte_v7wb.o)
 .data          0x00004e20        0x0 C:/ide-4.6-workspace/bsp-TI-omap3530-src/src/hardware/startup/lib/arm/a.le\libstartup.a(armv_pte_xsc3.o)
 .data          0x00004e20        0x0 C:/ide-4.6-workspace/bsp-TI-omap3530-src/src/hardware/startup/lib/arm/a.le\libstartup.a(armv_setup_1136.o)
 .data          0x00004e20        0x0 C:/ide-4.6-workspace/bsp-TI-omap3530-src/src/hardware/startup/lib/arm/a.le\libstartup.a(armv_setup_1176.o)
 .data          0x00004e20        0x0 C:/ide-4.6-workspace/bsp-TI-omap3530-src/src/hardware/startup/lib/arm/a.le\libstartup.a(armv_setup_a8.o)
 .data          0x00004e20        0x4 C:/ide-4.6-workspace/bsp-TI-omap3530-src/src/hardware/startup/lib/arm/a.le\libstartup.a(armv_setup_mp11.o)
                0x00004e20                mpcore_scu_base
 .data          0x00004e24        0x0 C:/ide-4.6-workspace/bsp-TI-omap3530-src/src/hardware/startup/lib/arm/a.le\libstartup.a(armv_setup_v6.o)
 .data          0x00004e24        0x0 C:/ide-4.6-workspace/bsp-TI-omap3530-src/src/hardware/startup/lib/arm/a.le\libstartup.a(armv_setup_xscale.o)
 .data          0x00004e24        0x0 C:/ide-4.6-workspace/bsp-TI-omap3530-src/src/hardware/startup/lib/arm/a.le\libstartup.a(callout_page_1020.o)
 .data          0x00004e24        0x0 C:/ide-4.6-workspace/bsp-TI-omap3530-src/src/hardware/startup/lib/arm/a.le\libstartup.a(callout_page_1136.o)
 .data          0x00004e24        0x0 C:/ide-4.6-workspace/bsp-TI-omap3530-src/src/hardware/startup/lib/arm/a.le\libstartup.a(callout_page_720.o)
 .data          0x00004e24        0x0 C:/ide-4.6-workspace/bsp-TI-omap3530-src/src/hardware/startup/lib/arm/a.le\libstartup.a(callout_page_920.o)
 .data          0x00004e24        0x0 C:/ide-4.6-workspace/bsp-TI-omap3530-src/src/hardware/startup/lib/arm/a.le\libstartup.a(callout_page_925.o)
 .data          0x00004e24        0x0 C:/ide-4.6-workspace/bsp-TI-omap3530-src/src/hardware/startup/lib/arm/a.le\libstartup.a(callout_page_a8.o)
 .data          0x00004e24        0x0 C:/ide-4.6-workspace/bsp-TI-omap3530-src/src/hardware/startup/lib/arm/a.le\libstartup.a(callout_page_mp11.o)
 .data          0x00004e24        0x0 C:/ide-4.6-workspace/bsp-TI-omap3530-src/src/hardware/startup/lib/arm/a.le\libstartup.a(callout_page_sa.o)
 .data          0x00004e24        0x0 C:/ide-4.6-workspace/bsp-TI-omap3530-src/src/hardware/startup/lib/arm/a.le\libstartup.a(callout_page_xsc3.o)
 .data          0x00004e24        0x0 C:/ide-4.6-workspace/bsp-TI-omap3530-src/src/hardware/startup/lib/arm/a.le\libstartup.a(callout_page_xscale.o)
 .data          0x00004e24        0x0 C:/ide-4.6-workspace/bsp-TI-omap3530-src/src/hardware/startup/lib/arm/a.le\libstartup.a(callout_power_926.o)
 .data          0x00004e24        0x0 C:/ide-4.6-workspace/bsp-TI-omap3530-src/src/hardware/startup/lib/arm/a.le\libstartup.a(callout_power_cp15_wfi.o)
 .data          0x00004e24        0x0 C:/ide-4.6-workspace/bsp-TI-omap3530-src/src/hardware/startup/lib/arm/a.le\libstartup.a(callout_power_sa1100.o)
 .data          0x00004e24        0x0 C:/ide-4.6-workspace/bsp-TI-omap3530-src/src/hardware/startup/lib/arm/a.le\libstartup.a(callout_power_xscale.o)
 .data          0x00004e24        0x0 C:/ide-4.6-workspace/bsp-TI-omap3530-src/src/hardware/startup/lib/arm/a.le\libstartup.a(armv_cache_1020.o)
 .data          0x00004e24        0x0 C:/ide-4.6-workspace/bsp-TI-omap3530-src/src/hardware/startup/lib/arm/a.le\libstartup.a(armv_cache_1136.o)
 .data          0x00004e24        0x0 C:/ide-4.6-workspace/bsp-TI-omap3530-src/src/hardware/startup/lib/arm/a.le\libstartup.a(armv_cache_720.o)
 .data          0x00004e24        0x0 C:/ide-4.6-workspace/bsp-TI-omap3530-src/src/hardware/startup/lib/arm/a.le\libstartup.a(armv_cache_920.o)
 .data          0x00004e24        0x0 C:/ide-4.6-workspace/bsp-TI-omap3530-src/src/hardware/startup/lib/arm/a.le\libstartup.a(armv_cache_925.o)
 .data          0x00004e24        0x0 C:/ide-4.6-workspace/bsp-TI-omap3530-src/src/hardware/startup/lib/arm/a.le\libstartup.a(armv_cache_926.o)
 .data          0x00004e24        0x0 C:/ide-4.6-workspace/bsp-TI-omap3530-src/src/hardware/startup/lib/arm/a.le\libstartup.a(armv_cache_a8.o)
 .data          0x00004e24        0x0 C:/ide-4.6-workspace/bsp-TI-omap3530-src/src/hardware/startup/lib/arm/a.le\libstartup.a(armv_cache_mp11.o)
 .data          0x00004e24        0x0 C:/ide-4.6-workspace/bsp-TI-omap3530-src/src/hardware/startup/lib/arm/a.le\libstartup.a(armv_cache_sa1100.o)
 .data          0x00004e24        0x0 C:/ide-4.6-workspace/bsp-TI-omap3530-src/src/hardware/startup/lib/arm/a.le\libstartup.a(armv_cache_xsc3.o)
 .data          0x00004e24        0x0 C:/ide-4.6-workspace/bsp-TI-omap3530-src/src/hardware/startup/lib/arm/a.le\libstartup.a(armv_cache_xscale.o)
 .data          0x00004e24        0x0 C:/ide-4.6-workspace/bsp-TI-omap3530-src/src/hardware/startup/lib/arm/a.le\libstartup.a(callout_cache_1020.o)
 .data          0x00004e24        0x0 C:/ide-4.6-workspace/bsp-TI-omap3530-src/src/hardware/startup/lib/arm/a.le\libstartup.a(callout_cache_1136.o)
 .data          0x00004e24        0x0 C:/ide-4.6-workspace/bsp-TI-omap3530-src/src/hardware/startup/lib/arm/a.le\libstartup.a(callout_cache_720.o)
 .data          0x00004e24        0x0 C:/ide-4.6-workspace/bsp-TI-omap3530-src/src/hardware/startup/lib/arm/a.le\libstartup.a(callout_cache_920.o)
 .data          0x00004e24        0x0 C:/ide-4.6-workspace/bsp-TI-omap3530-src/src/hardware/startup/lib/arm/a.le\libstartup.a(callout_cache_925.o)
 .data          0x00004e24        0x0 C:/ide-4.6-workspace/bsp-TI-omap3530-src/src/hardware/startup/lib/arm/a.le\libstartup.a(callout_cache_926.o)
 .data          0x00004e24        0x0 C:/ide-4.6-workspace/bsp-TI-omap3530-src/src/hardware/startup/lib/arm/a.le\libstartup.a(callout_cache_a8.o)
 .data          0x00004e24        0x0 C:/ide-4.6-workspace/bsp-TI-omap3530-src/src/hardware/startup/lib/arm/a.le\libstartup.a(callout_cache_mp11.o)
 .data          0x00004e24        0x0 C:/ide-4.6-workspace/bsp-TI-omap3530-src/src/hardware/startup/lib/arm/a.le\libstartup.a(callout_cache_sa.o)
 .data          0x00004e24        0x0 C:/ide-4.6-workspace/bsp-TI-omap3530-src/src/hardware/startup/lib/arm/a.le\libstartup.a(callout_cache_xsc3.o)
 .data          0x00004e24        0x0 C:/ide-4.6-workspace/bsp-TI-omap3530-src/src/hardware/startup/lib/arm/a.le\libstartup.a(callout_cache_xscale.o)
 .data          0x00004e24        0x0 C:/QNX641/target/qnx6/armle/usr/lib\libucl.a(n2b_d.o)
 .data          0x00004e24        0x0 C:/QNX641/host/win32/x86/usr/lib/gcc/arm-unknown-nto-qnx6.4.0/4.3.3//libgcc.a(_udivsi3.o)
 .data          0x00004e24        0x0 C:/QNX641/host/win32/x86/usr/lib/gcc/arm-unknown-nto-qnx6.4.0/4.3.3//libgcc.a(_dvmd_nto.o)
 .data          0x00004e24        0x0 C:/QNX641/host/win32/x86/usr/lib/gcc/arm-unknown-nto-qnx6.4.0/4.3.3//libgcc.a(_udivdi3.o)
 .data          0x00004e24        0x0 C:/QNX641/host/win32/x86/usr/lib/gcc/arm-unknown-nto-qnx6.4.0/4.3.3//libgcc.a(_umoddi3.o)
 .data          0x00004e24        0x0 C:/QNX641/host/win32/x86/usr/lib/gcc/arm-unknown-nto-qnx6.4.0/4.3.3//libgcc.a(_umodsi3.o)
 .data          0x00004e24        0x0 C:/QNX641/host/win32/x86/usr/lib/gcc/arm-unknown-nto-qnx6.4.0/4.3.3//libgcc.a(_clz.o)
 .data          0x00004e24        0x0 C:/QNX641/target/qnx6/armle/lib\libc.a(hwi_find_item.o)
 .data          0x00004e24        0x0 C:/QNX641/target/qnx6/armle/lib\libc.a(hwi_off2tag.o)
 .data          0x00004e24        0x0 C:/QNX641/target/qnx6/armle/lib\libc.a(hwi_tag2off.o)
 .data          0x00004e24        0x0 C:/QNX641/target/qnx6/armle/lib\libc.a(memcmp.o)
 .data          0x00004e24        0x0 C:/QNX641/target/qnx6/armle/lib\libc.a(memset.o)
 .data          0x00004e24        0x0 C:/QNX641/target/qnx6/armle/lib\libc.a(strchr.o)
 .data          0x00004e24        0x0 C:/QNX641/target/qnx6/armle/lib\libc.a(strcmp.o)
 .data          0x00004e24        0x0 C:/QNX641/target/qnx6/armle/lib\libc.a(strcpy.o)
 .data          0x00004e24        0x0 C:/QNX641/target/qnx6/armle/lib\libc.a(strlen.o)

.data1
 *(.data1)

.bss            0x00000000       0xfc
 *(.dynbss)
 *(.bss)
 .bss           0x00000000        0x0 arm_board_ttb.o
 .bss           0x00000000        0x0 armv7_cache.o
 .bss           0x00000000        0x0 armv_setup_v7.o
 .bss           0x00000000        0x0 callout_interrupt_omap3530_sdma.o
 .bss           0x00000000        0x0 callout_reboot_omap3530.o
 .bss           0x00000000        0x0 callout_timer_omap3530.o
 .bss           0x00000000        0x0 cstart.o
 .bss           0x00000000        0x0 init_asinfo.o
 .bss           0x00000000        0x0 init_hwinfo.o
 .bss           0x00000000        0x0 init_intrinfo.o
 .bss           0x00000000        0x0 init_pinmux.o
 .bss           0x00000000        0x4 init_qtime_omap3530.o
 .bss           0x00000004        0x0 init_raminfo.o
 .bss           0x00000004        0x0 main.o
 .bss           0x00000004        0x0 rtc_time.o
 .bss           0x00000004       0x54 C:/ide-4.6-workspace/bsp-TI-omap3530-src/src/hardware/startup/lib/arm/a.le\libstartup.a(_main.o)
                0x00000004                debug_flag
 .bss           0x00000058        0x4 C:/ide-4.6-workspace/bsp-TI-omap3530-src/src/hardware/startup/lib/arm/a.le\libstartup.a(add_interrupt.o)
 .bss           0x0000005c        0x0 C:/ide-4.6-workspace/bsp-TI-omap3530-src/src/hardware/startup/lib/arm/a.le\libstartup.a(alloc_qtime.o)
 .bss           0x0000005c        0x0 C:/ide-4.6-workspace/bsp-TI-omap3530-src/src/hardware/startup/lib/arm/a.le\libstartup.a(as_add.o)
 .bss           0x0000005c        0x0 C:/ide-4.6-workspace/bsp-TI-omap3530-src/src/hardware/startup/lib/arm/a.le\libstartup.a(as_add64.o)
 .bss           0x0000005c        0x0 C:/ide-4.6-workspace/bsp-TI-omap3530-src/src/hardware/startup/lib/arm/a.le\libstartup.a(board_init.o)
 .bss           0x0000005c        0x0 C:/ide-4.6-workspace/bsp-TI-omap3530-src/src/hardware/startup/lib/arm/a.le\libstartup.a(callout_debug_8250.o)
 .bss           0x0000005c        0x0 C:/ide-4.6-workspace/bsp-TI-omap3530-src/src/hardware/startup/lib/arm/a.le\libstartup.a(callout_interrupt_omap2420.o)
 .bss           0x0000005c        0x0 C:/ide-4.6-workspace/bsp-TI-omap3530-src/src/hardware/startup/lib/arm/a.le\libstartup.a(callout_interrupt_omap2420_gpio.o)
 .bss           0x0000005c       0x14 C:/ide-4.6-workspace/bsp-TI-omap3530-src/src/hardware/startup/lib/arm/a.le\libstartup.a(callouts.o)
 .bss           0x00000070        0x8 C:/ide-4.6-workspace/bsp-TI-omap3530-src/src/hardware/startup/lib/arm/a.le\libstartup.a(common_options.o)
 .bss           0x00000078        0x0 C:/ide-4.6-workspace/bsp-TI-omap3530-src/src/hardware/startup/lib/arm/a.le\libstartup.a(cpu_common_options.o)
 .bss           0x00000078        0x0 C:/ide-4.6-workspace/bsp-TI-omap3530-src/src/hardware/startup/lib/arm/a.le\libstartup.a(cpu_startup.o)
 .bss           0x00000078        0x0 C:/ide-4.6-workspace/bsp-TI-omap3530-src/src/hardware/startup/lib/arm/a.le\libstartup.a(debug.o)
 .bss           0x00000078        0xc C:/ide-4.6-workspace/bsp-TI-omap3530-src/src/hardware/startup/lib/arm/a.le\libstartup.a(getopt.o)
                0x00000078                optind
 .bss           0x00000084        0x0 C:/ide-4.6-workspace/bsp-TI-omap3530-src/src/hardware/startup/lib/arm/a.le\libstartup.a(getsize.o)
 .bss           0x00000084        0x0 C:/ide-4.6-workspace/bsp-TI-omap3530-src/src/hardware/startup/lib/arm/a.le\libstartup.a(hw_rtc_none.o)
 .bss           0x00000084        0x0 C:/ide-4.6-workspace/bsp-TI-omap3530-src/src/hardware/startup/lib/arm/a.le\libstartup.a(hw_seromap.o)
 .bss           0x00000084        0x0 C:/ide-4.6-workspace/bsp-TI-omap3530-src/src/hardware/startup/lib/arm/a.le\libstartup.a(hwi_add_device.o)
 .bss           0x00000084        0x0 C:/ide-4.6-workspace/bsp-TI-omap3530-src/src/hardware/startup/lib/arm/a.le\libstartup.a(hwi_add_location.o)
 .bss           0x00000084        0x8 C:/ide-4.6-workspace/bsp-TI-omap3530-src/src/hardware/startup/lib/arm/a.le\libstartup.a(hwi_alloc.o)
 .bss           0x0000008c        0x0 C:/ide-4.6-workspace/bsp-TI-omap3530-src/src/hardware/startup/lib/arm/a.le\libstartup.a(hwi_find_as.o)
 .bss           0x0000008c        0x0 C:/ide-4.6-workspace/bsp-TI-omap3530-src/src/hardware/startup/lib/arm/a.le\libstartup.a(hwitag_add_location.o)
 .bss           0x0000008c        0x0 C:/ide-4.6-workspace/bsp-TI-omap3530-src/src/hardware/startup/lib/arm/a.le\libstartup.a(init_cacheattr.o)
 .bss           0x0000008c        0x4 C:/ide-4.6-workspace/bsp-TI-omap3530-src/src/hardware/startup/lib/arm/a.le\libstartup.a(init_cpuinfo.o)
 .bss           0x00000090        0x0 C:/ide-4.6-workspace/bsp-TI-omap3530-src/src/hardware/startup/lib/arm/a.le\libstartup.a(init_mmu.o)
 .bss           0x00000090        0x0 C:/ide-4.6-workspace/bsp-TI-omap3530-src/src/hardware/startup/lib/arm/a.le\libstartup.a(init_system_private.o)
 .bss           0x00000090        0x0 C:/ide-4.6-workspace/bsp-TI-omap3530-src/src/hardware/startup/lib/arm/a.le\libstartup.a(jtag.o)
 .bss           0x00000090        0x4 C:/ide-4.6-workspace/bsp-TI-omap3530-src/src/hardware/startup/lib/arm/a.le\libstartup.a(kprintf.o)
 .bss           0x00000094        0x0 C:/ide-4.6-workspace/bsp-TI-omap3530-src/src/hardware/startup/lib/arm/a.le\libstartup.a(load_ifs.o)
 .bss           0x00000094        0x0 C:/ide-4.6-workspace/bsp-TI-omap3530-src/src/hardware/startup/lib/arm/a.le\libstartup.a(map_callout_io.o)
 .bss           0x00000094        0x0 C:/ide-4.6-workspace/bsp-TI-omap3530-src/src/hardware/startup/lib/arm/a.le\libstartup.a(map_startup_io.o)
 .bss           0x00000094        0x0 C:/ide-4.6-workspace/bsp-TI-omap3530-src/src/hardware/startup/lib/arm/a.le\libstartup.a(map_startup_mem.o)
 .bss           0x00000094        0x0 C:/ide-4.6-workspace/bsp-TI-omap3530-src/src/hardware/startup/lib/arm/a.le\libstartup.a(memfuncs.o)
 .bss           0x00000094        0x0 C:/ide-4.6-workspace/bsp-TI-omap3530-src/src/hardware/startup/lib/arm/a.le\libstartup.a(memmove.o)
 .bss           0x00000094        0x0 C:/ide-4.6-workspace/bsp-TI-omap3530-src/src/hardware/startup/lib/arm/a.le\libstartup.a(print_sysp.o)
 .bss           0x00000094       0x1c C:/ide-4.6-workspace/bsp-TI-omap3530-src/src/hardware/startup/lib/arm/a.le\libstartup.a(ram.o)
 .bss           0x000000b0       0x10 C:/ide-4.6-workspace/bsp-TI-omap3530-src/src/hardware/startup/lib/arm/a.le\libstartup.a(restore_ifs.o)
                0x000000b4                ifs2_paddr_src
                0x000000b8                ifs2_paddr_dst
                0x000000b0                rifs_flag
                0x000000bc                ifs2_size
 .bss           0x000000c0        0x0 C:/ide-4.6-workspace/bsp-TI-omap3530-src/src/hardware/startup/lib/arm/a.le\libstartup.a(startnext.o)
 .bss           0x000000c0        0x0 C:/ide-4.6-workspace/bsp-TI-omap3530-src/src/hardware/startup/lib/arm/a.le\libstartup.a(startup_info.o)
 .bss           0x000000c0        0x0 C:/ide-4.6-workspace/bsp-TI-omap3530-src/src/hardware/startup/lib/arm/a.le\libstartup.a(strings.o)
 .bss           0x000000c0        0x0 C:/ide-4.6-workspace/bsp-TI-omap3530-src/src/hardware/startup/lib/arm/a.le\libstartup.a(strtoul.o)
 .bss           0x000000c0        0x8 C:/ide-4.6-workspace/bsp-TI-omap3530-src/src/hardware/startup/lib/arm/a.le\libstartup.a(syspage_memory.o)
 .bss           0x000000c8        0x0 C:/ide-4.6-workspace/bsp-TI-omap3530-src/src/hardware/startup/lib/arm/a.le\libstartup.a(tweak_cmdline.o)
 .bss           0x000000c8        0x0 C:/ide-4.6-workspace/bsp-TI-omap3530-src/src/hardware/startup/lib/arm/a.le\libstartup.a(uncompress.o)
 .bss           0x000000c8        0x0 C:/ide-4.6-workspace/bsp-TI-omap3530-src/src/hardware/startup/lib/arm/a.le\libstartup.a(uncompress_ucl.o)
 .bss           0x000000c8        0x0 C:/ide-4.6-workspace/bsp-TI-omap3530-src/src/hardware/startup/lib/arm/a.le\libstartup.a(arm_cache.o)